C51 COMPILER V9.01   EASY_PASSWORLD_RECONGNISE                                             03/07/2024 21:03:35 PAGE 1   


C51 COMPILER V9.01, COMPILATION OF MODULE EASY_PASSWORLD_RECONGNISE
OBJECT MODULE PLACED IN easy_passworld_recongnise.OBJ
COMPILER INVOKED BY: D:\software\study\keil\C51\BIN\C51.EXE easy_passworld_recongnise.c BROWSE DEBUG OBJECTEXTEND

line level    source

   1          #include<reg52.h>
   2          #include"passwordrelated.h"
   3          
   4          void main ()
   5          {       
   6   1              //print some words
   7   1              print_words(print_set);
   8   1      
   9   1              //get the real password
  10   1              symbol=1; 
  11   1              get_the_word_loop(real_word);
  12   1              
  13   1              //print some words
  14   1              key=0,i=0,j=0;
  15   1              print_words(print_enter);       
  16   1              
  17   1              //get the pass password
  18   1              symbol=1; 
  19   1              get_the_word_loop(pass_word);
  20   1      
  21   1              //judge the result and do something
  22   1              judge_word(real_word,pass_word);
  23   1              if(k==8)
  24   1              {
  25   2              beep_judge(1);
  26   2              ;//other actions                
  27   2              }
  28   1      
  29   1              else beep_judge(0);     
  30   1              
  31   1      }
  32          


MODULE INFORMATION:   STATIC OVERLAYABLE
   CODE SIZE        =    938    ----
   CONSTANT SIZE    =   ----    ----
   XDATA SIZE       =   ----    ----
   PDATA SIZE       =   ----    ----
   DATA SIZE        =     96      12
   IDATA SIZE       =     42    ----
   BIT SIZE         =   ----    ----
END OF MODULE INFORMATION.


C51 COMPILATION COMPLETE.  0 WARNING(S),  0 ERROR(S)
