BL51 BANKED LINKER/LOCATER V6.22                                                        03/07/2024  21:03:35  PAGE 1


BL51 BANKED LINKER/LOCATER V6.22, INVOKED BY:
D:\SOFTWARE\STUDY\KEIL\C51\BIN\BL51.EXE easy_passworld_recongnise.obj TO 简易密码识别 RAMSIZE (256)


MEMORY MODEL: SMALL


INPUT MODULES INCLUDED:
  easy_passworld_recongnise.obj (EASY_PASSWORLD_RECONGNISE)
  D:\SOFTWARE\STUDY\KEIL\C51\LIB\C51S.LIB (?C_STARTUP)
  D:\SOFTWARE\STUDY\KEIL\C51\LIB\C51S.LIB (?C?ILDOPTR)
  D:\SOFTWARE\STUDY\KEIL\C51\LIB\C51S.LIB (?C?ISTOPTR)
  D:\SOFTWARE\STUDY\KEIL\C51\LIB\C51S.LIB (?C_INIT)


LINK MAP OF MODULE:  简易密码识别 (EASY_PASSWORLD_RECONGNISE)


            TYPE    BASE      LENGTH    RELOCATION   SEGMENT NAME
            -----------------------------------------------------

            * * * * * * *   D A T A   M E M O R Y   * * * * * * *
            REG     0000H     0008H     ABSOLUTE     "REG BANK 0"
            DATA    0008H     0060H     UNIT         ?DT?EASY_PASSWORLD_RECONGNISE
            DATA    0068H     0006H     UNIT         _DATA_GROUP_
            IDATA   006EH     002AH     UNIT         ?ID?EASY_PASSWORLD_RECONGNISE
            IDATA   0098H     0001H     UNIT         ?STACK

            * * * * * * *   C O D E   M E M O R Y   * * * * * * *
            CODE    0000H     0003H     ABSOLUTE     
            CODE    0003H     00ACH     UNIT         ?PR?_GET_THE_WORD_LOOP?EASY_PASSWORLD_RECONGNISE
            CODE    00AFH     0096H     UNIT         ?PR?_BEEP_JUDGE?EASY_PASSWORLD_RECONGNISE
            CODE    0145H     008CH     UNIT         ?PR?KEY_LINE_SCAN?EASY_PASSWORLD_RECONGNISE
            CODE    01D1H     008CH     UNIT         ?C_C51STARTUP
            CODE    025DH     0082H     UNIT         ?PR?_PRINT_WORDS?EASY_PASSWORLD_RECONGNISE
            CODE    02DFH     006DH     UNIT         ?C_INITSEG
            CODE    034CH     0066H     UNIT         ?PR?MAIN?EASY_PASSWORLD_RECONGNISE
            CODE    03B2H     0065H     UNIT         ?C?LIB_CODE
            CODE    0417H     0054H     UNIT         ?PR?_JUDGE_WORD?EASY_PASSWORLD_RECONGNISE
            CODE    046BH     0043H     UNIT         ?PR?_KEY_SCAN?EASY_PASSWORLD_RECONGNISE
            CODE    04AEH     0043H     UNIT         ?PR?_GET_PASS_WORDS?EASY_PASSWORLD_RECONGNISE
            CODE    04F1H     001AH     UNIT         ?PR?_DELAY?EASY_PASSWORLD_RECONGNISE



OVERLAY MAP OF MODULE:   简易密码识别 (EASY_PASSWORLD_RECONGNISE)


SEGMENT                                            DATA_GROUP 
  +--> CALLED SEGMENT                            START    LENGTH
----------------------------------------------------------------
?C_C51STARTUP                                    -----    -----
  +--> ?PR?MAIN?EASY_PASSWORLD_RECONGNISE
  +--> ?C_INITSEG

?PR?MAIN?EASY_PASSWORLD_RECONGNISE               -----    -----
  +--> ?PR?_PRINT_WORDS?EASY_PASSWORLD_RECON...
  +--> ?PR?_GET_THE_WORD_LOOP?EASY_PASSWORLD...
BL51 BANKED LINKER/LOCATER V6.22                                                      03/07/2024  21:03:35  PAGE 2


  +--> ?PR?_JUDGE_WORD?EASY_PASSWORLD_RECONG...
  +--> ?PR?_BEEP_JUDGE?EASY_PASSWORLD_RECONG...

?PR?_PRINT_WORDS?EASY_PASSWORLD_RECON...         0068H    0003H
  +--> ?PR?_DELAY?EASY_PASSWORLD_RECONGNISE
  +--> ?PR?_KEY_SCAN?EASY_PASSWORLD_RECONGNISE

?PR?_KEY_SCAN?EASY_PASSWORLD_RECONGNISE          -----    -----
  +--> ?PR?_DELAY?EASY_PASSWORLD_RECONGNISE

?PR?_GET_THE_WORD_LOOP?EASY_PASSWORLD...         0068H    0003H
  +--> ?PR?_GET_PASS_WORDS?EASY_PASSWORLD_RE...
  +--> ?PR?_KEY_SCAN?EASY_PASSWORLD_RECONGNISE
  +--> ?PR?_DELAY?EASY_PASSWORLD_RECONGNISE

?PR?_GET_PASS_WORDS?EASY_PASSWORLD_RE...         -----    -----
  +--> ?PR?KEY_LINE_SCAN?EASY_PASSWORLD_RECO...

?PR?KEY_LINE_SCAN?EASY_PASSWORLD_RECO...         -----    -----
  +--> ?PR?_DELAY?EASY_PASSWORLD_RECONGNISE

?PR?_JUDGE_WORD?EASY_PASSWORLD_RECONG...         0068H    0006H

?PR?_BEEP_JUDGE?EASY_PASSWORLD_RECONG...         -----    -----
  +--> ?PR?_DELAY?EASY_PASSWORLD_RECONGNISE



SYMBOL TABLE OF MODULE:  简易密码识别 (EASY_PASSWORLD_RECONGNISE)

  VALUE           TYPE          NAME
  ----------------------------------

  -------         MODULE        EASY_PASSWORLD_RECONGNISE
  C:0000H         SYMBOL        _ICE_DUMMY_
  D:0080H         PUBLIC        P0
  D:0090H         PUBLIC        P1
  D:00A0H         PUBLIC        P2
  D:00B0H         PUBLIC        P3
  D:00A8H         PUBLIC        IE
  C:00AFH         PUBLIC        _beep_judge
  C:0500H         PUBLIC        _delay
  D:000AH         PUBLIC        letter
  D:00B8H         PUBLIC        IP
  I:006EH         PUBLIC        symbol
  B:00B0H.1       PUBLIC        k1
  B:00B0H.0       PUBLIC        k2
  B:00B0H.2       PUBLIC        k3
  B:00B0H.3       PUBLIC        k4
  C:0003H         PUBLIC        _get_the_word_loop
  C:034CH         PUBLIC        main
  C:0417H         PUBLIC        _judge_word
  I:0070H         PUBLIC        print_enter
  D:0098H         PUBLIC        SCON
  D:0088H         PUBLIC        TCON
  D:0028H         PUBLIC        word
  D:0038H         PUBLIC        con
BL51 BANKED LINKER/LOCATER V6.22                                                      03/07/2024  21:03:35  PAGE 3


  C:025DH         PUBLIC        _print_words
  D:0048H         PUBLIC        real_word
  I:0080H         PUBLIC        key
  B:00B0H.4       PUBLIC        stc
  C:046BH         PUBLIC        _key_scan
  D:0058H         PUBLIC        pass_word
  C:0145H         PUBLIC        key_line_scan
  I:0082H         PUBLIC        print_set
  D:00C8H         PUBLIC        T2CON
  I:0092H         PUBLIC        i
  I:0094H         PUBLIC        j
  I:0096H         PUBLIC        k
  C:04AEH         PUBLIC        _get_pass_words
  D:00D0H         PUBLIC        PSW
  -------         PROC          L?0093
  -------         ENDPROC       L?0093
  -------         PROC          _DELAY
  D:0006H         SYMBOL        a
  C:0500H         LINE#         27
  C:0500H         LINE#         28
  C:0500H         LINE#         29
  C:050AH         LINE#         30
  -------         ENDPROC       _DELAY
  -------         PROC          _KEY_SCAN
  D:0006H         SYMBOL        mode
  -------         DO            
  D:0002H         SYMBOL        judge
  -------         ENDDO         
  C:046BH         LINE#         33
  C:046BH         LINE#         34
  C:046BH         LINE#         35
  C:046FH         LINE#         36
  C:0473H         LINE#         37
  C:0485H         LINE#         38
  C:0488H         LINE#         39
  C:048FH         LINE#         40
  C:0497H         LINE#         41
  C:049FH         LINE#         42
  C:04A7H         LINE#         43
  C:04AAH         LINE#         44
  C:04AAH         LINE#         45
  C:04AAH         LINE#         46
  C:04AAH         LINE#         47
  C:04ADH         LINE#         48
  C:04ADH         LINE#         49
  -------         ENDPROC       _KEY_SCAN
  -------         PROC          _BEEP_JUDGE
  D:0006H         SYMBOL        k
  C:00AFH         LINE#         53
  C:00AFH         LINE#         54
  C:00AFH         LINE#         55
  C:00B6H         LINE#         56
  C:00C5H         LINE#         57
  C:00C5H         LINE#         58
  C:00D3H         LINE#         59
  C:00D3H         LINE#         60
  C:00D3H         LINE#         61
BL51 BANKED LINKER/LOCATER V6.22                                                      03/07/2024  21:03:35  PAGE 4


  C:00D3H         LINE#         62
  C:00D3H         LINE#         63
  C:00D6H         LINE#         64
  C:00D8H         LINE#         66
  C:00DFH         LINE#         67
  C:00EDH         LINE#         68
  C:00EDH         LINE#         69
  C:00EFH         LINE#         70
  C:00F6H         LINE#         71
  C:00F8H         LINE#         72
  C:00FFH         LINE#         73
  C:0101H         LINE#         74
  C:0101H         LINE#         79
  C:0101H         LINE#         80
  C:0101H         LINE#         81
  C:0108H         LINE#         82
  C:0116H         LINE#         83
  C:0116H         LINE#         84
  C:0116H         LINE#         85
  C:0116H         LINE#         86
  C:0116H         LINE#         87
  C:0119H         LINE#         88
  C:011BH         LINE#         90
  C:0122H         LINE#         91
  C:0130H         LINE#         92
  C:0130H         LINE#         93
  C:0132H         LINE#         94
  C:0139H         LINE#         95
  C:013BH         LINE#         96
  C:0142H         LINE#         97
  C:0144H         LINE#         98
  C:0144H         LINE#         99
  C:0144H         LINE#         100
  C:0144H         LINE#         101
  -------         ENDPROC       _BEEP_JUDGE
  -------         PROC          KEY_LINE_SCAN
  -------         DO            
  D:0008H         SYMBOL        key
  -------         ENDDO         
  C:0145H         LINE#         104
  C:0145H         LINE#         105
  C:0145H         LINE#         108
  C:0148H         LINE#         109
  C:014EH         LINE#         110
  C:014EH         LINE#         111
  C:0155H         LINE#         112
  C:015BH         LINE#         113
  C:015BH         LINE#         114
  C:015EH         LINE#         115
  C:0170H         LINE#         116
  C:0170H         LINE#         117
  C:0178H         LINE#         118
  C:0180H         LINE#         119
  C:0188H         LINE#         120
  C:018EH         LINE#         121
  C:018EH         LINE#         123
  C:0191H         LINE#         124
BL51 BANKED LINKER/LOCATER V6.22                                                      03/07/2024  21:03:35  PAGE 5


  C:01A4H         LINE#         125
  C:01A4H         LINE#         126
  C:01ACH         LINE#         127
  C:01B0H         LINE#         128
  C:01B4H         LINE#         129
  C:01BFH         LINE#         130
  C:01BFH         LINE#         131
  C:01C7H         LINE#         135
  C:01CCH         LINE#         137
  C:01D0H         LINE#         138
  -------         ENDPROC       KEY_LINE_SCAN
  -------         PROC          _PRINT_WORDS
  D:0068H         SYMBOL        a
  C:025DH         LINE#         141
  C:0263H         LINE#         142
  C:0263H         LINE#         143
  C:0263H         LINE#         144
  C:0263H         LINE#         147
  C:026EH         LINE#         148
  C:0272H         LINE#         149
  C:0272H         LINE#         150
  C:0287H         LINE#         151
  C:02A0H         LINE#         152
  C:02A7H         LINE#         153
  C:02AAH         LINE#         154
  C:02C0H         LINE#         155
  C:02CDH         LINE#         156
  C:02D0H         LINE#         157
  C:02D7H         LINE#         158
  -------         ENDPROC       _PRINT_WORDS
  -------         PROC          _GET_PASS_WORDS
  D:0001H         SYMBOL        b
  C:04AEH         LINE#         165
  C:04AEH         LINE#         166
  C:04AEH         LINE#         167
  C:04AEH         LINE#         168
  C:04AEH         LINE#         169
  C:04B8H         LINE#         170
  C:04BBH         LINE#         171
  C:04BBH         LINE#         172
  C:04D7H         LINE#         173
  C:04DFH         LINE#         174
  C:04DFH         LINE#         175
  C:04E8H         LINE#         176
  C:04EEH         LINE#         177
  C:04F0H         LINE#         178
  -------         ENDPROC       _GET_PASS_WORDS
  -------         PROC          _JUDGE_WORD
  D:0068H         SYMBOL        a
  D:006BH         SYMBOL        b
  C:0417H         LINE#         180
  C:041DH         LINE#         181
  C:041DH         LINE#         182
  C:0434H         LINE#         183
  C:0434H         LINE#         184
  C:0460H         LINE#         185
  C:0460H         LINE#         186
BL51 BANKED LINKER/LOCATER V6.22                                                      03/07/2024  21:03:35  PAGE 6


  C:046AH         LINE#         187
  -------         ENDPROC       _JUDGE_WORD
  -------         PROC          _GET_THE_WORD_LOOP
  D:0068H         SYMBOL        word_enter
  C:0003H         LINE#         189
  C:0009H         LINE#         190
  C:0009H         LINE#         191
  C:0013H         LINE#         192
  C:0013H         LINE#         193
  C:0022H         LINE#         195
  C:002BH         LINE#         198
  C:002BH         LINE#         199
  C:002BH         LINE#         200
  C:0038H         LINE#         201
  C:003BH         LINE#         202
  C:003BH         LINE#         203
  C:0046H         LINE#         204
  C:0046H         LINE#         205
  C:0046H         LINE#         206
  C:004CH         LINE#         207
  C:004CH         LINE#         208
  C:0051H         LINE#         209
  C:0058H         LINE#         210
  C:005AH         LINE#         211
  C:005AH         LINE#         212
  C:005AH         LINE#         213
  C:006EH         LINE#         214
  C:006EH         LINE#         215
  C:0081H         LINE#         216
  C:009AH         LINE#         217
  C:00A1H         LINE#         218
  C:00A4H         LINE#         219
  C:00AEH         LINE#         221
  C:00AEH         LINE#         222
  C:00AEH         LINE#         223
  -------         ENDPROC       _GET_THE_WORD_LOOP
  -------         PROC          MAIN
  C:034CH         LINE#         4
  C:034CH         LINE#         5
  C:034CH         LINE#         7
  C:0355H         LINE#         10
  C:035CH         LINE#         11
  C:0365H         LINE#         14
  C:0374H         LINE#         15
  C:037CH         LINE#         18
  C:0383H         LINE#         19
  C:038CH         LINE#         22
  C:039EH         LINE#         23
  C:03A7H         LINE#         24
  C:03A7H         LINE#         25
  C:03A9H         LINE#         27
  C:03ABH         LINE#         29
  C:03B1H         LINE#         31
  -------         ENDPROC       MAIN
  -------         ENDMOD        EASY_PASSWORLD_RECONGNISE

  -------         MODULE        ?C?ILDOPTR
BL51 BANKED LINKER/LOCATER V6.22                                                      03/07/2024  21:03:35  PAGE 7


  C:03B2H         PUBLIC        ?C?ILDOPTR
  -------         ENDMOD        ?C?ILDOPTR

  -------         MODULE        ?C?ISTOPTR
  C:03EAH         PUBLIC        ?C?ISTOPTR
  -------         ENDMOD        ?C?ISTOPTR

Program Size: data=153.0 xdata=0 code=1291
LINK/LOCATE RUN COMPLETE.  0 WARNING(S),  0 ERROR(S)
