C51 COMPILER V9.01   PWM1                                                                  10/13/2022 21:06:14 PAGE 1   


C51 COMPILER V9.01, COMPILATION OF MODULE PWM1
OBJECT MODULE PLACED IN pwm1.OBJ
COMPILER INVOKED BY: D:\software\study\keil\C51\BIN\C51.EXE pwm1.c BROWSE DEBUG OBJECTEXTEND

line level    source

   1          #include<reg52.h>
   2          #include"head.h"
   3          void PwmInit(){
   4   1               TMOD|=0X01;
   5   1               TH0=0xFF;
   6   1               TL0=0xF6;
   7   1               ET0=1;
   8   1               EA=1;
   9   1               TR0=1;
  10   1      }
  11          void main ()
  12          {
  13   1              int count=0;
  14   1              //print some words
  15   1      //      print_words(print_set);
  16   1              //get the real password
  17   1              symbol=1; 
  18   1      //      get_the_word_loop(duty);
  19   1              duty[0]=0;
  20   1              duty[1]=1;
  21   1              duty_num=30*(10*duty[0]+duty[1])/100;
  22   1              while(1){
  23   2                      count++;
  24   2                      if(count>=100)
  25   2                              count=0;
  26   2                      if(count<=duty_num)     
  27   2                              PWM=1;
  28   2                      else
  29   2                              PWM=0;  
  30   2              }
  31   1      }
  32          


MODULE INFORMATION:   STATIC OVERLAYABLE
   CODE SIZE        =    703    ----
   CONSTANT SIZE    =   ----    ----
   XDATA SIZE       =   ----    ----
   PDATA SIZE       =   ----    ----
   DATA SIZE        =     84       6
   IDATA SIZE       =     60    ----
   BIT SIZE         =   ----    ----
END OF MODULE INFORMATION.


C51 COMPILATION COMPLETE.  0 WARNING(S),  0 ERROR(S)
