BL51 BANKED LINKER/LOCATER V6.22                                                        10/13/2022  21:06:14  PAGE 1


BL51 BANKED LINKER/LOCATER V6.22, INVOKED BY:
D:\SOFTWARE\STUDY\KEIL\C51\BIN\BL51.EXE pwm1.obj, STARTUP.obj TO pwmduty RAMSIZE (256)


MEMORY MODEL: SMALL


INPUT MODULES INCLUDED:
  pwm1.obj (PWM1)
  STARTUP.obj (?C_STARTUP)
  D:\SOFTWARE\STUDY\KEIL\C51\LIB\C51S.LIB (?C_INIT)
  D:\SOFTWARE\STUDY\KEIL\C51\LIB\C51S.LIB (?C?IMUL)
  D:\SOFTWARE\STUDY\KEIL\C51\LIB\C51S.LIB (?C?SIDIV)
  D:\SOFTWARE\STUDY\KEIL\C51\LIB\C51S.LIB (?C?ILDOPTR)
  D:\SOFTWARE\STUDY\KEIL\C51\LIB\C51S.LIB (?C?ISTOPTR)
  D:\SOFTWARE\STUDY\KEIL\C51\LIB\C51S.LIB (?C?UIDIV)


LINK MAP OF MODULE:  pwmduty (PWM1)


            TYPE    BASE      LENGTH    RELOCATION   SEGMENT NAME
            -----------------------------------------------------

            * * * * * * *   D A T A   M E M O R Y   * * * * * * *
            REG     0000H     0008H     ABSOLUTE     "REG BANK 0"
            DATA    0008H     0054H     UNIT         ?DT?PWM1
            DATA    005CH     0003H     UNIT         ?DT?_PRINT_WORDS?PWM1
            DATA    005FH     0003H     UNIT         ?DT?_GET_THE_WORD_LOOP?PWM1
            IDATA   0062H     003CH     UNIT         ?ID?PWM1
            IDATA   009EH     0001H     UNIT         ?STACK

            * * * * * * *   C O D E   M E M O R Y   * * * * * * *
            CODE    0000H     0003H     ABSOLUTE     
            CODE    0003H     0102H     UNIT         ?C?LIB_CODE
            CODE    0105H     00ACH     UNIT         ?PR?_GET_THE_WORD_LOOP?PWM1
            CODE    01B1H     0090H     UNIT         ?C_INITSEG
            CODE    0241H     008CH     UNIT         ?PR?KEY_LINE_SCAN?PWM1
            CODE    02CDH     008CH     UNIT         ?C_C51STARTUP
            CODE    0359H     0082H     UNIT         ?PR?_PRINT_WORDS?PWM1
            CODE    03DBH     0064H     UNIT         ?PR?MAIN?PWM1
            CODE    043FH     0043H     UNIT         ?PR?_KEY_SCAN?PWM1
            CODE    0482H     0043H     UNIT         ?PR?_GET_PASS_WORDS?PWM1
            CODE    04C5H     0010H     UNIT         ?PR?PWMINIT?PWM1
            CODE    04D5H     000BH     UNIT         ?PR?_DELAY?PWM1



OVERLAY MAP OF MODULE:   pwmduty (PWM1)


SEGMENT
  +--> CALLED SEGMENT
---------------------
?C_C51STARTUP
  +--> ?PR?MAIN?PWM1
  +--> ?C_INITSEG

BL51 BANKED LINKER/LOCATER V6.22                                                      10/13/2022  21:06:14  PAGE 2




SYMBOL TABLE OF MODULE:  pwmduty (PWM1)

  VALUE           TYPE          NAME
  ----------------------------------

  -------         MODULE        PWM1
  C:0000H         SYMBOL        _ICE_DUMMY_
  D:0080H         PUBLIC        P0
  D:0090H         PUBLIC        P1
  D:00A0H         PUBLIC        P2
  D:00B0H         PUBLIC        P3
  B:00A8H.7       PUBLIC        EA
  D:00A8H         PUBLIC        IE
  C:04D5H         PUBLIC        _delay
  D:000AH         PUBLIC        letter
  D:00B8H         PUBLIC        IP
  I:0062H         PUBLIC        symbol
  B:00B0H.1       PUBLIC        k1
  B:00B0H.0       PUBLIC        k2
  B:00B0H.2       PUBLIC        k3
  B:00B0H.3       PUBLIC        k4
  C:0105H         PUBLIC        _get_the_word_loop
  C:03DBH         PUBLIC        main
  I:0064H         PUBLIC        print_enter
  D:0098H         PUBLIC        SCON
  D:0089H         PUBLIC        TMOD
  D:0088H         PUBLIC        TCON
  D:0038H         PUBLIC        word
  D:0048H         PUBLIC        con
  C:0359H         PUBLIC        _print_words
  D:0058H         PUBLIC        duty
  B:00A8H.1       PUBLIC        ET0
  I:0074H         PUBLIC        key
  C:04C5H         PUBLIC        PwmInit
  D:008CH         PUBLIC        TH0
  D:008AH         PUBLIC        TL0
  C:043FH         PUBLIC        _key_scan
  B:0088H.4       PUBLIC        TR0
  C:0241H         PUBLIC        key_line_scan
  I:0076H         PUBLIC        print_set
  I:0086H         PUBLIC        print_num
  D:00C8H         PUBLIC        T2CON
  I:0096H         PUBLIC        i
  I:0098H         PUBLIC        j
  I:009AH         PUBLIC        k
  C:0482H         PUBLIC        _get_pass_words
  B:00B0H.4       PUBLIC        PWM
  I:009CH         PUBLIC        duty_num
  D:00D0H         PUBLIC        PSW
  -------         PROC          _DELAY
  D:0006H         SYMBOL        a
  C:04D5H         LINE#         28
  C:04D5H         LINE#         29
  C:04D5H         LINE#         30
  C:04DFH         LINE#         31
BL51 BANKED LINKER/LOCATER V6.22                                                      10/13/2022  21:06:14  PAGE 3


  -------         ENDPROC       _DELAY
  -------         PROC          _KEY_SCAN
  D:0006H         SYMBOL        mode
  -------         DO            
  D:0002H         SYMBOL        judge
  -------         ENDDO         
  C:043FH         LINE#         34
  C:043FH         LINE#         35
  C:043FH         LINE#         36
  C:0443H         LINE#         37
  C:0447H         LINE#         38
  C:0459H         LINE#         39
  C:045CH         LINE#         40
  C:0463H         LINE#         41
  C:046BH         LINE#         42
  C:0473H         LINE#         43
  C:047BH         LINE#         44
  C:047EH         LINE#         45
  C:047EH         LINE#         46
  C:047EH         LINE#         47
  C:047EH         LINE#         48
  C:0481H         LINE#         49
  C:0481H         LINE#         50
  -------         ENDPROC       _KEY_SCAN
  -------         PROC          KEY_LINE_SCAN
  -------         DO            
  D:0008H         SYMBOL        key
  -------         ENDDO         
  C:0241H         LINE#         51
  C:0241H         LINE#         52
  C:0241H         LINE#         55
  C:0244H         LINE#         56
  C:024AH         LINE#         57
  C:024AH         LINE#         58
  C:0251H         LINE#         59
  C:0257H         LINE#         60
  C:0257H         LINE#         61
  C:025AH         LINE#         62
  C:026CH         LINE#         63
  C:026CH         LINE#         64
  C:0274H         LINE#         65
  C:027CH         LINE#         66
  C:0284H         LINE#         67
  C:028AH         LINE#         68
  C:028AH         LINE#         70
  C:028DH         LINE#         71
  C:02A0H         LINE#         72
  C:02A0H         LINE#         73
  C:02A8H         LINE#         74
  C:02ACH         LINE#         75
  C:02B0H         LINE#         76
  C:02BBH         LINE#         77
  C:02BBH         LINE#         78
  C:02C3H         LINE#         82
  C:02C8H         LINE#         84
  C:02CCH         LINE#         85
  -------         ENDPROC       KEY_LINE_SCAN
BL51 BANKED LINKER/LOCATER V6.22                                                      10/13/2022  21:06:14  PAGE 4


  -------         PROC          _PRINT_WORDS
  D:005CH         SYMBOL        a
  C:0359H         LINE#         88
  C:035FH         LINE#         89
  C:035FH         LINE#         90
  C:035FH         LINE#         91
  C:035FH         LINE#         94
  C:036AH         LINE#         95
  C:036EH         LINE#         96
  C:036EH         LINE#         97
  C:0383H         LINE#         98
  C:039CH         LINE#         99
  C:03A3H         LINE#         100
  C:03A6H         LINE#         101
  C:03BCH         LINE#         102
  C:03C9H         LINE#         103
  C:03CCH         LINE#         104
  C:03D3H         LINE#         105
  -------         ENDPROC       _PRINT_WORDS
  -------         PROC          _GET_PASS_WORDS
  D:0001H         SYMBOL        b
  C:0482H         LINE#         112
  C:0482H         LINE#         113
  C:0482H         LINE#         114
  C:0482H         LINE#         115
  C:0482H         LINE#         116
  C:048CH         LINE#         117
  C:048FH         LINE#         118
  C:048FH         LINE#         119
  C:04ABH         LINE#         120
  C:04B3H         LINE#         121
  C:04B3H         LINE#         122
  C:04BCH         LINE#         123
  C:04C2H         LINE#         124
  C:04C4H         LINE#         125
  -------         ENDPROC       _GET_PASS_WORDS
  -------         PROC          _GET_THE_WORD_LOOP
  D:005FH         SYMBOL        word_enter
  C:0105H         LINE#         127
  C:010BH         LINE#         128
  C:010BH         LINE#         129
  C:0115H         LINE#         130
  C:0115H         LINE#         131
  C:0124H         LINE#         133
  C:012DH         LINE#         136
  C:012DH         LINE#         137
  C:012DH         LINE#         138
  C:013AH         LINE#         139
  C:013DH         LINE#         140
  C:013DH         LINE#         141
  C:0148H         LINE#         142
  C:0148H         LINE#         143
  C:0148H         LINE#         144
  C:014EH         LINE#         145
  C:014EH         LINE#         146
  C:0153H         LINE#         147
  C:015AH         LINE#         148
BL51 BANKED LINKER/LOCATER V6.22                                                      10/13/2022  21:06:14  PAGE 5


  C:015CH         LINE#         149
  C:015CH         LINE#         150
  C:015CH         LINE#         151
  C:0170H         LINE#         152
  C:0170H         LINE#         153
  C:0183H         LINE#         154
  C:019CH         LINE#         155
  C:01A3H         LINE#         156
  C:01A6H         LINE#         157
  C:01B0H         LINE#         159
  C:01B0H         LINE#         160
  C:01B0H         LINE#         161
  -------         ENDPROC       _GET_THE_WORD_LOOP
  -------         PROC          PWMINIT
  C:04C5H         LINE#         3
  C:04C5H         LINE#         4
  C:04C8H         LINE#         5
  C:04CBH         LINE#         6
  C:04CEH         LINE#         7
  C:04D0H         LINE#         8
  C:04D2H         LINE#         9
  C:04D4H         LINE#         10
  -------         ENDPROC       PWMINIT
  -------         PROC          MAIN
  -------         DO            
  D:0002H         SYMBOL        count
  -------         ENDDO         
  C:03DBH         LINE#         11
  C:03DBH         LINE#         12
  C:03DBH         LINE#         13
  C:03DEH         LINE#         17
  C:03E4H         LINE#         19
  C:03E8H         LINE#         20
  C:03EDH         LINE#         21
  C:0410H         LINE#         22
  C:0410H         LINE#         23
  C:0415H         LINE#         24
  C:0420H         LINE#         25
  C:0423H         LINE#         26
  C:0437H         LINE#         27
  C:043BH         LINE#         29
  C:043DH         LINE#         30
  -------         ENDPROC       MAIN
  -------         ENDMOD        PWM1

  -------         MODULE        ?C_STARTUP
  C:02CDH         SEGMENT       ?C_C51STARTUP
  I:009EH         SEGMENT       ?STACK
  C:0000H         PUBLIC        ?C_STARTUP
  D:00E0H         SYMBOL        ACC
  D:00F0H         SYMBOL        B
  D:0083H         SYMBOL        DPH
  D:0082H         SYMBOL        DPL
  N:0000H         SYMBOL        IBPSTACK
  N:0100H         SYMBOL        IBPSTACKTOP
  N:0080H         SYMBOL        IDATALEN
  C:02D0H         SYMBOL        IDATALOOP
BL51 BANKED LINKER/LOCATER V6.22                                                      10/13/2022  21:06:14  PAGE 6


  N:0000H         SYMBOL        PBPSTACK
  N:0100H         SYMBOL        PBPSTACKTOP
  N:0000H         SYMBOL        PDATALEN
  N:0000H         SYMBOL        PDATASTART
  N:0000H         SYMBOL        PPAGE
  N:0000H         SYMBOL        PPAGEENABLE
  D:00A0H         SYMBOL        PPAGE_SFR
  D:0081H         SYMBOL        SP
  C:02CDH         SYMBOL        STARTUP1
  N:0000H         SYMBOL        XBPSTACK
  N:0000H         SYMBOL        XBPSTACKTOP
  N:0000H         SYMBOL        XDATALEN
  N:0000H         SYMBOL        XDATASTART
  C:0000H         LINE#         126
  C:02CDH         LINE#         133
  C:02CFH         LINE#         134
  C:02D0H         LINE#         135
  C:02D1H         LINE#         136
  C:02D3H         LINE#         185
  C:02D6H         LINE#         196
  -------         ENDMOD        ?C_STARTUP

  -------         MODULE        ?C?IMUL
  C:0003H         PUBLIC        ?C?IMUL
  -------         ENDMOD        ?C?IMUL

  -------         MODULE        ?C?SIDIV
  C:0015H         PUBLIC        ?C?SIDIV
  -------         ENDMOD        ?C?SIDIV

  -------         MODULE        ?C?ILDOPTR
  C:004BH         PUBLIC        ?C?ILDOPTR
  -------         ENDMOD        ?C?ILDOPTR

  -------         MODULE        ?C?ISTOPTR
  C:0083H         PUBLIC        ?C?ISTOPTR
  -------         ENDMOD        ?C?ISTOPTR

  -------         MODULE        ?C?UIDIV
  C:00B0H         PUBLIC        ?C?UIDIV
  -------         ENDMOD        ?C?UIDIV

*** WARNING L16: UNCALLED SEGMENT, IGNORED FOR OVERLAY PROCESS
    SEGMENT: ?PR?_PRINT_WORDS?PWM1

*** WARNING L16: UNCALLED SEGMENT, IGNORED FOR OVERLAY PROCESS
    SEGMENT: ?PR?_GET_THE_WORD_LOOP?PWM1

*** WARNING L16: UNCALLED SEGMENT, IGNORED FOR OVERLAY PROCESS
    SEGMENT: ?PR?PWMINIT?PWM1

Program Size: data=159.0 xdata=0 code=1248
LINK/LOCATE RUN COMPLETE.  3 WARNING(S),  0 ERROR(S)
