C51 COMPILER V9.01   CS100A                                                                10/29/2024 14:39:43 PAGE 1   


C51 COMPILER V9.01, COMPILATION OF MODULE CS100A
OBJECT MODULE PLACED IN .\Objects\cs100a.obj
COMPILER INVOKED BY: D:\software\study\keil\C51\BIN\C51.EXE Hardware\cs100a.c LARGE BROWSE INCDIR(..\water_level_control
                    -;.\Hardware;.\System;.\User) DEBUG OBJECTEXTEND PRINT(.\Objects\cs100a.lst) OBJECT(.\Objects\cs100a.obj)

line level    source

   1          #include "cs100a.h"
   2          #include "timer.h"                                      
   3          
   4          float distance=0;
   5          float distance_record[RECORD_NUM]={0};
   6          
   7          void Cs100a_Init(void)
   8          {
   9   1              cs100a_trig=0;  
  10   1      }
  11          
  12          void record_distance(float distance)
  13          {
  14   1              int i;
  15   1              for(i=RECORD_NUM-1;i>0;i--)
  16   1              {
  17   2                      distance_record[i]=distance_record[i-1];                                                                
  18   2              }
  19   1              distance_record[0]=distance; 
  20   1      }
  21          
  22          float average_distance()
  23          {
  24   1              int i;
  25   1              float average_distance,sum_distance;
  26   1              for(sum_distance=0,i=0;i<RECORD_NUM;i++)sum_distance+=distance_record[i];
  27   1              average_distance=sum_distance/RECORD_NUM;
  28   1              return average_distance;
  29   1      }
  30          
  31          int judge_distance_correct(float distance)
  32          {
  33   1              float average;
  34   1              average=average_distance();
  35   1              if(average-FLOAT_RANGE<distance<average+FLOAT_RANGE)return 1;
  36   1              else return 0;
  37   1      }
  38          
  39          void Cs100a_Start(void)
  40          {       
  41   1              int i,temp_count,count,time;
  42   1              long int temp_tick,tick;
  43   1              float distance_temp;
  44   1              cs100a_trig=0;
  45   1              for(i=0;i<600;i++);     //50us
  46   1              cs100a_trig=1;
  47   1      
  48   1              while(!cs100a_echo);    //等待上升沿
  49   1              temp_tick=system_tick;
  50   1              temp_count=(0xff-TH0)*256+(0xff-TL0);
  51   1              while(cs100a_echo);             //等待下降沿
  52   1              tick=system_tick;
  53   1              count=(TH0-0xfc)*256+(TL0-0x18);        
  54   1       
C51 COMPILER V9.01   CS100A                                                                10/29/2024 14:39:43 PAGE 2   

  55   1              if(tick>temp_tick)
  56   1              {
  57   2                      time=count+temp_count+1000*(tick-temp_tick-1);
  58   2              }
  59   1              else if(tick==temp_tick)
  60   1              {
  61   2                      time=temp_count-count;//+count-1000;            
  62   2              }
  63   1              distance_temp=17000.0*time*CLK_DIV/CLK_FRE;
  64   1              record_distance(distance_temp);
  65   1              //if(judge_distance_correct(distance_temp))distance=distance_record[0];
  66   1              distance=average_distance();
  67   1      }


MODULE INFORMATION:   STATIC OVERLAYABLE
   CODE SIZE        =    778    ----
   CONSTANT SIZE    =   ----    ----
   XDATA SIZE       =     44      34
   PDATA SIZE       =   ----    ----
   DATA SIZE        =   ----    ----
   IDATA SIZE       =   ----    ----
   BIT SIZE         =   ----    ----
END OF MODULE INFORMATION.


C51 COMPILATION COMPLETE.  0 WARNING(S),  0 ERROR(S)
