C51 COMPILER V9.01   MOTOR                                                                 10/30/2024 09:34:07 PAGE 1   


C51 COMPILER V9.01, COMPILATION OF MODULE MOTOR
OBJECT MODULE PLACED IN .\Objects\motor.obj
COMPILER INVOKED BY: D:\software\study\keil\C51\BIN\C51.EXE Hardware\motor.c LARGE BROWSE INCDIR(..\water_level_control;
                    -.\Hardware;.\System;.\User) DEBUG OBJECTEXTEND PRINT(.\Objects\motor.lst) OBJECT(.\Objects\motor.obj)

line level    source

   1          #include "motor.h"
   2          
   3          void Null_Action(void)
   4          {
   5   1              in_motor=0;
   6   1      }
   7          
   8          void Water_In(void)
   9          {
  10   1              in_motor=1;
  11   1      }


MODULE INFORMATION:   STATIC OVERLAYABLE
   CODE SIZE        =      6    ----
   CONSTANT SIZE    =   ----    ----
   XDATA SIZE       =   ----    ----
   PDATA SIZE       =   ----    ----
   DATA SIZE        =   ----    ----
   IDATA SIZE       =   ----    ----
   BIT SIZE         =   ----    ----
END OF MODULE INFORMATION.


C51 COMPILATION COMPLETE.  0 WARNING(S),  0 ERROR(S)
