BL51 BANKED LINKER/LOCATER V6.22                                                        10/30/2024  09:34:07  PAGE 1


BL51 BANKED LINKER/LOCATER V6.22, INVOKED BY:
D:\SOFTWARE\STUDY\KEIL\C51\BIN\BL51.EXE .\Objects\STARTUP.obj, .\Objects\motor.obj, .\Objects\lcd1602.obj, .\Objects\tim
>> er.obj, .\Objects\water_level_control.obj, .\Objects\main.obj, .\Objects\menu.obj TO .\Objects\water_level_control PR
>> INT (.\Objects\water_level_control.m51) RAMSIZE (256)


MEMORY MODEL: LARGE


INPUT MODULES INCLUDED:
  .\Objects\STARTUP.obj (?C_STARTUP)
  .\Objects\motor.obj (MOTOR)
  .\Objects\lcd1602.obj (LCD1602)
  .\Objects\timer.obj (TIMER)
  .\Objects\water_level_control.obj (WATER_LEVEL_CONTROL)
  .\Objects\main.obj (MAIN)
  .\Objects\menu.obj (MENU)
  D:\SOFTWARE\STUDY\KEIL\C51\LIB\C51L.LIB (?C_INIT)
  D:\SOFTWARE\STUDY\KEIL\C51\LIB\C51L.LIB (?C?COPY)
  D:\SOFTWARE\STUDY\KEIL\C51\LIB\C51L.LIB (?C?CLDPTR)
  D:\SOFTWARE\STUDY\KEIL\C51\LIB\C51L.LIB (?C?SIDIV)
  D:\SOFTWARE\STUDY\KEIL\C51\LIB\C51L.LIB (?C?IILDX)
  D:\SOFTWARE\STUDY\KEIL\C51\LIB\C51L.LIB (?C?ILDPTR)
  D:\SOFTWARE\STUDY\KEIL\C51\LIB\C51L.LIB (?C?ISTPTR)
  D:\SOFTWARE\STUDY\KEIL\C51\LIB\C51L.LIB (?C?ULCMP)
  D:\SOFTWARE\STUDY\KEIL\C51\LIB\C51L.LIB (?C?LSTXDATA)
  D:\SOFTWARE\STUDY\KEIL\C51\LIB\C51L.LIB (PRINTF)
  D:\SOFTWARE\STUDY\KEIL\C51\LIB\C51L.LIB (?C?CLDOPTR)
  D:\SOFTWARE\STUDY\KEIL\C51\LIB\C51L.LIB (?C?CSTPTR)
  D:\SOFTWARE\STUDY\KEIL\C51\LIB\C51L.LIB (?C?UIDIV)
  D:\SOFTWARE\STUDY\KEIL\C51\LIB\C51L.LIB (?C?PLDIXDATA)
  D:\SOFTWARE\STUDY\KEIL\C51\LIB\C51L.LIB (?C?PSTXDATA)
  D:\SOFTWARE\STUDY\KEIL\C51\LIB\C51L.LIB (?C?CCASE)
  D:\SOFTWARE\STUDY\KEIL\C51\LIB\C51L.LIB (PUTCHAR)


LINK MAP OF MODULE:  .\Objects\water_level_control (?C_STARTUP)


            TYPE    BASE      LENGTH    RELOCATION   SEGMENT NAME
            -----------------------------------------------------

            * * * * * * *   D A T A   M E M O R Y   * * * * * * *
            REG     0000H     0008H     ABSOLUTE     "REG BANK 0"
            DATA    0008H     0005H     UNIT         _DATA_GROUP_
                    000DH     0013H                  *** GAP ***
            BIT     0020H.0   0001H.1   UNIT         _BIT_GROUP_
                    0021H.1   0000H.7                *** GAP ***
            IDATA   0022H     0001H     UNIT         ?STACK

            * * * * * * *  X D A T A   M E M O R Y  * * * * * * *
            XDATA   0000H     0047H     UNIT         _XDATA_GROUP_
            XDATA   0047H     001BH     UNIT         ?XD?MENU
            XDATA   0062H     0004H     UNIT         ?XD?TIMER

            * * * * * * *   C O D E   M E M O R Y   * * * * * * *
            CODE    0000H     0003H     ABSOLUTE     
            CODE    0003H     0003H     ABSOLUTE     
BL51 BANKED LINKER/LOCATER V6.22                                                      10/30/2024  09:34:07  PAGE 2


            CODE    0006H     0005H     UNIT         ?PR?LCD1602_CLEAR?LCD1602
            CODE    000BH     0003H     ABSOLUTE     
            CODE    000EH     0003H     UNIT         ?PR?NULL_ACTION?MOTOR
                    0011H     0002H                  *** GAP ***
            CODE    0013H     0003H     ABSOLUTE     
            CODE    0016H     0365H     UNIT         ?PR?PRINTF?PRINTF
            CODE    037BH     029CH     UNIT         ?C?LIB_CODE
            CODE    0617H     0100H     UNIT         ?PR?RUNNING_TIME?MENU
            CODE    0717H     00CFH     UNIT         ?PR?_LCD1602_SHOW_STRING?LCD1602
            CODE    07E6H     008CH     UNIT         ?C_C51STARTUP
            CODE    0872H     008AH     UNIT         ?CO?MENU
            CODE    08FCH     0073H     UNIT         ?PR?EXTI1?MENU
            CODE    096FH     0070H     UNIT         ?PR?PAGE_1?MENU
            CODE    09DFH     0070H     UNIT         ?PR?PAGE_2?MENU
            CODE    0A4FH     0069H     UNIT         ?PR?PAGE_3?MENU
            CODE    0AB8H     0069H     UNIT         ?PR?PAGE_4?MENU
            CODE    0B21H     0069H     UNIT         ?PR?PAGE_5?MENU
            CODE    0B8AH     0069H     UNIT         ?PR?PAGE_6?MENU
            CODE    0BF3H     005BH     UNIT         ?PR?EXTI0?MENU
            CODE    0C4EH     0058H     UNIT         ?PR?SHOW_PAGE?MENU
            CODE    0CA6H     0055H     UNIT         ?PR?SYSTEM_INIT?MAIN
            CODE    0CFBH     0052H     UNIT         ?PR?_DELAY_MS?TIMER
            CODE    0D4DH     0051H     UNIT         ?PR?TIMER0_INTP?TIMER
            CODE    0D9EH     004AH     UNIT         ?C_INITSEG
            CODE    0DE8H     0040H     UNIT         ?PR?_DELAY_S?TIMER
            CODE    0E28H     002AH     UNIT         ?PR?_LCD1602_WRITE_DATA?LCD1602
            CODE    0E52H     0027H     UNIT         ?PR?PUTCHAR?PUTCHAR
            CODE    0E79H     0024H     UNIT         ?PR?MAIN?MAIN
            CODE    0E9DH     0022H     UNIT         ?CO?MAIN
            CODE    0EBFH     001BH     UNIT         ?PR?_LCD1602_WRITE_CMD?LCD1602
            CODE    0EDAH     0014H     UNIT         ?PR?LCD1602_INIT?LCD1602
            CODE    0EEEH     0010H     UNIT         ?PR?TIMER_INIT?TIMER
            CODE    0EFEH     000BH     UNIT         ?PR?EXTI_INIT?MENU
            CODE    0F09H     0003H     UNIT         ?PR?WATER_IN?MOTOR



OVERLAY MAP OF MODULE:   .\Objects\water_level_control (?C_STARTUP)


SEGMENT                                     BIT_GROUP          DATA_GROUP          XDATA_GROUP
  +--> CALLED SEGMENT                    START    LENGTH     START    LENGTH     START    LENGTH
------------------------------------------------------------------------------------------------
?C_C51STARTUP                            -----    -----      -----    -----      -----    -----
  +--> ?PR?MAIN?MAIN
  +--> ?C_INITSEG

?PR?MAIN?MAIN                            -----    -----      -----    -----      -----    -----
  +--> ?PR?SYSTEM_INIT?MAIN
  +--> ?PR?_DELAY_MS?TIMER
  +--> ?PR?RUNNING_TIME?MENU
  +--> ?PR?SHOW_PAGE?MENU
  +--> ?PR?WATER_IN?MOTOR
  +--> ?PR?NULL_ACTION?MOTOR

?PR?SYSTEM_INIT?MAIN                     -----    -----      -----    -----      0000H    0022H
  +--> ?CO?MAIN
BL51 BANKED LINKER/LOCATER V6.22                                                      10/30/2024  09:34:07  PAGE 3


  +--> ?PR?NULL_ACTION?MOTOR
  +--> ?PR?TIMER_INIT?TIMER
  +--> ?PR?EXTI_INIT?MENU
  +--> ?PR?LCD1602_INIT?LCD1602
  +--> ?PR?_LCD1602_SHOW_STRING?LCD1602
  +--> ?PR?_DELAY_S?TIMER
  +--> ?PR?LCD1602_CLEAR?LCD1602

?PR?LCD1602_INIT?LCD1602                 -----    -----      -----    -----      -----    -----
  +--> ?PR?_LCD1602_WRITE_CMD?LCD1602

?PR?_LCD1602_WRITE_CMD?LCD1602           -----    -----      -----    -----      -----    -----
  +--> ?PR?_DELAY_MS?TIMER

?PR?_DELAY_MS?TIMER                      -----    -----      -----    -----      0027H    0006H

?PR?_LCD1602_SHOW_STRING?LCD1602         -----    -----      -----    -----      0022H    0005H
  +--> ?PR?_LCD1602_WRITE_CMD?LCD1602
  +--> ?PR?_LCD1602_WRITE_DATA?LCD1602

?PR?_LCD1602_WRITE_DATA?LCD1602          -----    -----      -----    -----      -----    -----
  +--> ?PR?_DELAY_MS?TIMER

?PR?_DELAY_S?TIMER                       -----    -----      -----    -----      0022H    0004H
  +--> ?PR?_DELAY_MS?TIMER

?PR?LCD1602_CLEAR?LCD1602                -----    -----      -----    -----      -----    -----
  +--> ?PR?_LCD1602_WRITE_CMD?LCD1602

?PR?SHOW_PAGE?MENU                       -----    -----      -----    -----      -----    -----
  +--> ?PR?LCD1602_CLEAR?LCD1602
  +--> ?PR?PAGE_1?MENU
  +--> ?PR?PAGE_2?MENU
  +--> ?PR?PAGE_3?MENU
  +--> ?PR?PAGE_4?MENU
  +--> ?PR?PAGE_5?MENU
  +--> ?PR?PAGE_6?MENU

?PR?PAGE_1?MENU                          -----    -----      -----    -----      0000H    001EH
  +--> ?CO?MENU
  +--> ?PR?PRINTF?PRINTF
  +--> ?PR?_LCD1602_SHOW_STRING?LCD1602

?PR?PRINTF?PRINTF                        0020H.0  0001H.1    0008H    0005H      001FH    0028H
  +--> ?PR?PUTCHAR?PUTCHAR

?PR?PAGE_2?MENU                          -----    -----      -----    -----      0000H    001EH
  +--> ?CO?MENU
  +--> ?PR?PRINTF?PRINTF
  +--> ?PR?_LCD1602_SHOW_STRING?LCD1602

?PR?PAGE_3?MENU                          -----    -----      -----    -----      0000H    001AH
  +--> ?CO?MENU
  +--> ?PR?PRINTF?PRINTF
  +--> ?PR?_LCD1602_SHOW_STRING?LCD1602

?PR?PAGE_4?MENU                          -----    -----      -----    -----      0000H    001CH
BL51 BANKED LINKER/LOCATER V6.22                                                      10/30/2024  09:34:07  PAGE 4


  +--> ?CO?MENU
  +--> ?PR?PRINTF?PRINTF
  +--> ?PR?_LCD1602_SHOW_STRING?LCD1602

?PR?PAGE_5?MENU                          -----    -----      -----    -----      0000H    001EH
  +--> ?CO?MENU
  +--> ?PR?PRINTF?PRINTF
  +--> ?PR?_LCD1602_SHOW_STRING?LCD1602

?PR?PAGE_6?MENU                          -----    -----      -----    -----      0000H    001FH
  +--> ?CO?MENU
  +--> ?PR?PRINTF?PRINTF
  +--> ?PR?_LCD1602_SHOW_STRING?LCD1602



SYMBOL TABLE OF MODULE:  .\Objects\water_level_control (?C_STARTUP)

  VALUE           TYPE          NAME
  ----------------------------------

  -------         MODULE        ?C_STARTUP
  C:07E6H         SEGMENT       ?C_C51STARTUP
  I:0022H         SEGMENT       ?STACK
  C:0000H         PUBLIC        ?C_STARTUP
  D:00E0H         SYMBOL        ACC
  D:00F0H         SYMBOL        B
  D:0083H         SYMBOL        DPH
  D:0082H         SYMBOL        DPL
  N:0000H         SYMBOL        IBPSTACK
  N:0100H         SYMBOL        IBPSTACKTOP
  N:0080H         SYMBOL        IDATALEN
  C:07E9H         SYMBOL        IDATALOOP
  N:0000H         SYMBOL        PBPSTACK
  N:0100H         SYMBOL        PBPSTACKTOP
  N:0000H         SYMBOL        PDATALEN
  N:0000H         SYMBOL        PDATASTART
  N:0000H         SYMBOL        PPAGE
  N:0000H         SYMBOL        PPAGEENABLE
  D:00A0H         SYMBOL        PPAGE_SFR
  D:0081H         SYMBOL        SP
  C:07E6H         SYMBOL        STARTUP1
  N:0000H         SYMBOL        XBPSTACK
  N:0000H         SYMBOL        XBPSTACKTOP
  N:0000H         SYMBOL        XDATALEN
  N:0000H         SYMBOL        XDATASTART
  C:0000H         LINE#         126
  C:07E6H         LINE#         133
  C:07E8H         LINE#         134
  C:07E9H         LINE#         135
  C:07EAH         LINE#         136
  C:07ECH         LINE#         185
  C:07EFH         LINE#         196
  -------         ENDMOD        ?C_STARTUP

  -------         MODULE        MOTOR
  C:0000H         SYMBOL        _ICE_DUMMY_
BL51 BANKED LINKER/LOCATER V6.22                                                      10/30/2024  09:34:07  PAGE 5


  D:0090H         PUBLIC        P1
  D:00B0H         PUBLIC        P3
  D:00A8H         PUBLIC        IE
  D:00B8H         PUBLIC        IP
  C:0F09H         PUBLIC        Water_In
  D:0098H         PUBLIC        SCON
  D:0088H         PUBLIC        TCON
  C:000EH         PUBLIC        Null_Action
  D:00C8H         PUBLIC        T2CON
  B:0090H.0       PUBLIC        in_motor
  D:00D0H         PUBLIC        PSW
  -------         PROC          NULL_ACTION
  C:000EH         LINE#         3
  C:000EH         LINE#         4
  C:000EH         LINE#         5
  C:0010H         LINE#         6
  -------         ENDPROC       NULL_ACTION
  -------         PROC          WATER_IN
  C:0F09H         LINE#         8
  C:0F09H         LINE#         9
  C:0F09H         LINE#         10
  C:0F0BH         LINE#         11
  -------         ENDPROC       WATER_IN
  -------         ENDMOD        MOTOR

  -------         MODULE        LCD1602
  C:0000H         SYMBOL        _ICE_DUMMY_
  D:0080H         PUBLIC        P0
  D:0090H         PUBLIC        P1
  D:00A0H         PUBLIC        P2
  D:00B0H         PUBLIC        P3
  C:0E37H         PUBLIC        _lcd1602_write_data
  D:00A8H         PUBLIC        IE
  C:0EDAH         PUBLIC        lcd1602_init
  D:00B8H         PUBLIC        IP
  C:0717H         PUBLIC        _lcd1602_show_string
  C:0EBFH         PUBLIC        _lcd1602_write_cmd
  B:00A0H.6       PUBLIC        LCD1602_RS
  B:00A0H.5       PUBLIC        LCD1602_RW
  D:0098H         PUBLIC        SCON
  D:0088H         PUBLIC        TCON
  B:00A0H.7       PUBLIC        LCD1602_E
  D:00C8H         PUBLIC        T2CON
  C:0006H         PUBLIC        lcd1602_clear
  D:00D0H         PUBLIC        PSW
  -------         PROC          _LCD1602_WRITE_CMD
  D:0007H         SYMBOL        cmd
  C:0EBFH         LINE#         11
  C:0EBFH         LINE#         12
  C:0EBFH         LINE#         13
  C:0EC1H         LINE#         14
  C:0EC3H         LINE#         15
  C:0EC5H         LINE#         16
  C:0EC7H         LINE#         17
  C:0ECEH         LINE#         18
  C:0ED0H         LINE#         19
  C:0ED7H         LINE#         20
BL51 BANKED LINKER/LOCATER V6.22                                                      10/30/2024  09:34:07  PAGE 6


  C:0ED9H         LINE#         21
  -------         ENDPROC       _LCD1602_WRITE_CMD
  -------         PROC          L?0020
  -------         ENDPROC       L?0020
  -------         PROC          _LCD1602_WRITE_DATA
  D:0007H         SYMBOL        dat
  C:0E37H         LINE#         49
  C:0E37H         LINE#         50
  C:0E37H         LINE#         51
  C:0E39H         LINE#         52
  C:0E3BH         LINE#         53
  C:0E3DH         LINE#         54
  C:0E3FH         LINE#         55
  C:0E46H         LINE#         56
  C:0E48H         LINE#         57
  C:0E4FH         LINE#         58
  C:0E51H         LINE#         59
  -------         ENDPROC       _LCD1602_WRITE_DATA
  -------         PROC          LCD1602_INIT
  C:0EDAH         LINE#         87
  C:0EDAH         LINE#         88
  C:0EDAH         LINE#         89
  C:0EDFH         LINE#         90
  C:0EE4H         LINE#         91
  C:0EE9H         LINE#         92
  -------         ENDPROC       LCD1602_INIT
  -------         PROC          LCD1602_CLEAR
  C:0006H         LINE#         110
  C:0006H         LINE#         111
  C:0006H         LINE#         112
  -------         ENDPROC       LCD1602_CLEAR
  -------         PROC          _LCD1602_SHOW_STRING
  X:0022H         SYMBOL        x
  D:0005H         SYMBOL        y
  X:0023H         SYMBOL        str
  -------         DO            
  X:0026H         SYMBOL        i
  -------         ENDDO         
  C:0717H         LINE#         122
  C:0725H         LINE#         123
  C:0725H         LINE#         124
  C:0728H         LINE#         126
  C:073CH         LINE#         128
  C:0742H         LINE#         129
  C:0742H         LINE#         130
  C:0755H         LINE#         131
  C:0755H         LINE#         132
  C:0768H         LINE#         133
  C:0768H         LINE#         134
  C:076EH         LINE#         135
  C:0770H         LINE#         137
  C:0770H         LINE#         138
  C:0780H         LINE#         139
  C:0780H         LINE#         140
  C:0783H         LINE#         141
  C:078DH         LINE#         142
  C:0793H         LINE#         143
BL51 BANKED LINKER/LOCATER V6.22                                                      10/30/2024  09:34:07  PAGE 7


  C:0795H         LINE#         144
  C:0795H         LINE#         146
  C:0795H         LINE#         147
  C:07A5H         LINE#         148
  C:07A5H         LINE#         149
  C:07B8H         LINE#         150
  C:07B8H         LINE#         151
  C:07BEH         LINE#         152
  C:07C0H         LINE#         154
  C:07C0H         LINE#         155
  C:07D0H         LINE#         156
  C:07D0H         LINE#         157
  C:07D3H         LINE#         158
  C:07DDH         LINE#         159
  C:07E3H         LINE#         160
  C:07E5H         LINE#         161
  C:07E5H         LINE#         162
  -------         ENDPROC       _LCD1602_SHOW_STRING
  -------         ENDMOD        LCD1602

  -------         MODULE        TIMER
  C:0000H         SYMBOL        _ICE_DUMMY_
  D:0090H         PUBLIC        P1
  D:00B0H         PUBLIC        P3
  B:00A8H.7       PUBLIC        EA
  D:00A8H         PUBLIC        IE
  D:00B8H         PUBLIC        IP
  D:0098H         PUBLIC        SCON
  D:0089H         PUBLIC        TMOD
  D:0088H         PUBLIC        TCON
  X:0062H         PUBLIC        system_tick
  B:00A8H.1       PUBLIC        ET0
  D:008CH         PUBLIC        TH0
  D:008AH         PUBLIC        TL0
  C:0CFBH         PUBLIC        _delay_ms
  B:0088H.4       PUBLIC        TR0
  C:0DE8H         PUBLIC        _delay_s
  D:00C8H         PUBLIC        T2CON
  C:0D4DH         PUBLIC        timer0_intp
  C:0EEEH         PUBLIC        Timer_Init
  D:00D0H         PUBLIC        PSW
  -------         PROC          TIMER_INIT
  C:0EEEH         LINE#         4
  C:0EEEH         LINE#         5
  C:0EF1H         LINE#         6
  C:0EF4H         LINE#         7
  C:0EF7H         LINE#         8
  C:0EF9H         LINE#         9
  C:0EFBH         LINE#         10
  C:0EFDH         LINE#         11
  -------         ENDPROC       TIMER_INIT
  -------         PROC          _DELAY_S
  X:0022H         SYMBOL        s
  -------         DO            
  X:0024H         SYMBOL        temp
  -------         ENDDO         
  C:0DE8H         LINE#         14
BL51 BANKED LINKER/LOCATER V6.22                                                      10/30/2024  09:34:07  PAGE 8


  C:0DF0H         LINE#         15
  C:0DF0H         LINE#         17
  C:0DF5H         LINE#         18
  C:0E27H         LINE#         19
  -------         ENDPROC       _DELAY_S
  -------         PROC          _DELAY_MS
  X:0027H         SYMBOL        ms
  -------         DO            
  X:0029H         SYMBOL        temp
  -------         ENDDO         
  C:0CFBH         LINE#         22
  C:0D03H         LINE#         23
  C:0D03H         LINE#         24
  C:0D17H         LINE#         25
  C:0D4CH         LINE#         26
  -------         ENDPROC       _DELAY_MS
  -------         PROC          TIMER0_INTP
  C:0D4DH         LINE#         29
  C:0D64H         LINE#         31
  C:0D67H         LINE#         32
  C:0D6AH         LINE#         33
  C:0D89H         LINE#         34
  -------         ENDPROC       TIMER0_INTP
  -------         ENDMOD        TIMER

  -------         MODULE        WATER_LEVEL_CONTROL
  C:0000H         SYMBOL        _ICE_DUMMY_
  D:0090H         PUBLIC        P1
  D:00B0H         PUBLIC        P3
  D:00A8H         PUBLIC        IE
  D:00B8H         PUBLIC        IP
  D:0098H         PUBLIC        SCON
  D:0088H         PUBLIC        TCON
  D:00C8H         PUBLIC        T2CON
  D:00D0H         PUBLIC        PSW
  -------         ENDMOD        WATER_LEVEL_CONTROL

  -------         MODULE        MAIN
  C:0000H         SYMBOL        _ICE_DUMMY_
  C:0CA6H         PUBLIC        System_Init
  D:0090H         PUBLIC        P1
  D:00A0H         PUBLIC        P2
  D:00B0H         PUBLIC        P3
  D:00A8H         PUBLIC        IE
  D:00B8H         PUBLIC        IP
  C:0E79H         PUBLIC        main
  D:0098H         PUBLIC        SCON
  D:0088H         PUBLIC        TCON
  C:0E9DH         SYMBOL        _?ix1000
  C:0EAEH         SYMBOL        _?ix1001
  D:00C8H         PUBLIC        T2CON
  D:00D0H         PUBLIC        PSW
  -------         PROC          SYSTEM_INIT
  -------         DO            
  X:0000H         SYMBOL        str1
  X:0011H         SYMBOL        str2
  -------         ENDDO         
BL51 BANKED LINKER/LOCATER V6.22                                                      10/30/2024  09:34:07  PAGE 9


  C:0CA6H         LINE#         19
  C:0CA6H         LINE#         20
  C:0CB9H         LINE#         21
  C:0CCCH         LINE#         22
  C:0CCFH         LINE#         23
  C:0CD2H         LINE#         24
  C:0CD5H         LINE#         25
  C:0CD8H         LINE#         26
  C:0CE4H         LINE#         27
  C:0CF1H         LINE#         28
  C:0CF8H         LINE#         29
  -------         ENDPROC       SYSTEM_INIT
  -------         PROC          MAIN
  C:0E79H         LINE#         32
  C:0E79H         LINE#         33
  C:0E79H         LINE#         34
  C:0E7CH         LINE#         35
  C:0E7CH         LINE#         36
  C:0E7CH         LINE#         37
  C:0E83H         LINE#         38
  C:0E86H         LINE#         39
  C:0E89H         LINE#         40
  C:0E98H         LINE#         41
  C:0E9BH         LINE#         42
  -------         ENDPROC       MAIN
  -------         ENDMOD        MAIN

  -------         MODULE        MENU
  C:0000H         SYMBOL        _ICE_DUMMY_
  X:0047H         PUBLIC        current_minute
  X:0049H         PUBLIC        watering_gap
  D:0090H         PUBLIC        P1
  D:00A0H         PUBLIC        P2
  D:00B0H         PUBLIC        P3
  B:00A8H.7       PUBLIC        EA
  D:00A8H         PUBLIC        IE
  C:0EFEH         PUBLIC        Exti_Init
  C:0617H         PUBLIC        running_time
  D:00B8H         PUBLIC        IP
  X:004BH         PUBLIC        page
  X:004DH         PUBLIC        working_hour
  X:004FH         PUBLIC        current_hour
  C:096FH         PUBLIC        page_1
  C:09DFH         PUBLIC        page_2
  C:0A4FH         PUBLIC        page_3
  C:0AB8H         PUBLIC        page_4
  C:0B21H         PUBLIC        page_5
  D:0098H         PUBLIC        SCON
  C:0B8AH         PUBLIC        page_6
  D:0088H         PUBLIC        TCON
  X:0051H         PUBLIC        last_page
  X:0053H         PUBLIC        water_sign
  C:08ADH         SYMBOL        _?ix1000
  C:0C4EH         PUBLIC        show_page
  C:08BBH         SYMBOL        _?ix1001
  C:08C9H         SYMBOL        _?ix1002
  C:08D3H         SYMBOL        _?ix1003
BL51 BANKED LINKER/LOCATER V6.22                                                      10/30/2024  09:34:07  PAGE 10


  C:08DFH         SYMBOL        _?ix1004
  C:08EDH         SYMBOL        _?ix1005
  B:00A8H.0       PUBLIC        EX0
  B:0088H.0       PUBLIC        IT0
  B:00A8H.2       PUBLIC        EX1
  B:0088H.2       PUBLIC        IT1
  X:0055H         PUBLIC        num
  X:0058H         PUBLIC        working_second
  D:00C8H         PUBLIC        T2CON
  X:005AH         PUBLIC        current_second
  C:0BF3H         PUBLIC        exti0
  C:08FCH         PUBLIC        exti1
  X:005CH         PUBLIC        num_max
  D:00D0H         PUBLIC        PSW
  B:00B0H.2       PUBLIC        key1
  X:005EH         PUBLIC        working_minute
  B:00B0H.3       PUBLIC        key2
  X:0060H         PUBLIC        watering_last
  -------         PROC          RUNNING_TIME
  C:0617H         LINE#         26
  C:0617H         LINE#         27
  C:0617H         LINE#         29
  C:0625H         LINE#         32
  C:0653H         LINE#         34
  C:0662H         LINE#         35
  C:0662H         LINE#         36
  C:0668H         LINE#         37
  C:0676H         LINE#         38
  C:067DH         LINE#         39
  C:068BH         LINE#         40
  C:06ACH         LINE#         41
  C:06B2H         LINE#         42
  C:06B2H         LINE#         43
  C:06B8H         LINE#         44
  C:06C6H         LINE#         47
  C:06E4H         LINE#         49
  C:06E4H         LINE#         50
  C:06F0H         LINE#         51
  C:06F0H         LINE#         52
  C:06F6H         LINE#         53
  C:0704H         LINE#         54
  C:0710H         LINE#         55
  C:0710H         LINE#         56
  C:0716H         LINE#         57
  C:0716H         LINE#         58
  C:0716H         LINE#         59
  C:0716H         LINE#         60
  -------         ENDPROC       RUNNING_TIME
  -------         PROC          SHOW_PAGE
  C:0C4EH         LINE#         63
  C:0C4EH         LINE#         64
  C:0C4EH         LINE#         72
  C:0C62H         LINE#         73
  C:0C65H         LINE#         74
  C:0C74H         LINE#         75
  C:0C74H         LINE#         76
  C:0C93H         LINE#         77
BL51 BANKED LINKER/LOCATER V6.22                                                      10/30/2024  09:34:07  PAGE 11


  C:0C96H         LINE#         78
  C:0C99H         LINE#         79
  C:0C9CH         LINE#         80
  C:0C9FH         LINE#         81
  C:0CA2H         LINE#         82
  C:0CA5H         LINE#         83
  C:0CA5H         LINE#         84
  -------         ENDPROC       SHOW_PAGE
  -------         PROC          PAGE_1
  -------         DO            
  X:0000H         SYMBOL        str1
  X:000EH         SYMBOL        str2
  -------         ENDDO         
  C:096FH         LINE#         86
  C:096FH         LINE#         87
  C:096FH         LINE#         88
  C:0982H         LINE#         90
  C:09C6H         LINE#         91
  C:09D2H         LINE#         92
  -------         ENDPROC       PAGE_1
  -------         PROC          PAGE_2
  -------         DO            
  X:0000H         SYMBOL        str1
  X:000EH         SYMBOL        str2
  -------         ENDDO         
  C:09DFH         LINE#         95
  C:09DFH         LINE#         96
  C:09DFH         LINE#         97
  C:09F2H         LINE#         99
  C:0A36H         LINE#         100
  C:0A42H         LINE#         101
  -------         ENDPROC       PAGE_2
  -------         PROC          PAGE_3
  -------         DO            
  X:0000H         SYMBOL        str1
  X:000AH         SYMBOL        str2
  -------         ENDDO         
  C:0A4FH         LINE#         104
  C:0A4FH         LINE#         105
  C:0A4FH         LINE#         106
  C:0A62H         LINE#         108
  C:0A70H         LINE#         109
  C:0A79H         LINE#         110
  C:0A9FH         LINE#         111
  C:0AABH         LINE#         112
  -------         ENDPROC       PAGE_3
  -------         PROC          PAGE_4
  -------         DO            
  X:0000H         SYMBOL        str1
  X:000CH         SYMBOL        str2
  -------         ENDDO         
  C:0AB8H         LINE#         115
  C:0AB8H         LINE#         116
  C:0AB8H         LINE#         117
  C:0ACBH         LINE#         119
  C:0AD9H         LINE#         120
  C:0AE2H         LINE#         121
BL51 BANKED LINKER/LOCATER V6.22                                                      10/30/2024  09:34:07  PAGE 12


  C:0B08H         LINE#         122
  C:0B14H         LINE#         123
  -------         ENDPROC       PAGE_4
  -------         PROC          PAGE_5
  -------         DO            
  X:0000H         SYMBOL        str1
  X:000EH         SYMBOL        str2
  -------         ENDDO         
  C:0B21H         LINE#         126
  C:0B21H         LINE#         127
  C:0B21H         LINE#         128
  C:0B34H         LINE#         130
  C:0B42H         LINE#         131
  C:0B4BH         LINE#         132
  C:0B71H         LINE#         133
  C:0B7DH         LINE#         134
  -------         ENDPROC       PAGE_5
  -------         PROC          PAGE_6
  -------         DO            
  X:0000H         SYMBOL        str1
  X:000FH         SYMBOL        str2
  -------         ENDDO         
  C:0B8AH         LINE#         137
  C:0B8AH         LINE#         138
  C:0B8AH         LINE#         139
  C:0B9DH         LINE#         141
  C:0BABH         LINE#         142
  C:0BB4H         LINE#         143
  C:0BDAH         LINE#         144
  C:0BE6H         LINE#         145
  -------         ENDPROC       PAGE_6
  -------         PROC          EXTI_INIT
  C:0EFEH         LINE#         152
  C:0EFEH         LINE#         153
  C:0EFEH         LINE#         154
  C:0F00H         LINE#         155
  C:0F02H         LINE#         156
  C:0F04H         LINE#         157
  C:0F06H         LINE#         158
  C:0F08H         LINE#         159
  -------         ENDPROC       EXTI_INIT
  -------         PROC          EXTI0
  -------         DO            
  D:0006H         SYMBOL        ten_us
  -------         ENDDO         
  C:0BF3H         LINE#         162
  C:0C0AH         LINE#         166
  C:0C0EH         LINE#         167
  C:0C10H         LINE#         168
  C:0C1AH         LINE#         169
  C:0C1DH         LINE#         170
  C:0C1DH         LINE#         172
  C:0C37H         LINE#         173
  C:0C37H         LINE#         174
  C:0C39H         LINE#         175
  -------         ENDPROC       EXTI0
  -------         PROC          EXTI1
BL51 BANKED LINKER/LOCATER V6.22                                                      10/30/2024  09:34:07  PAGE 13


  -------         DO            
  D:0006H         SYMBOL        ten_us
  -------         ENDDO         
  C:08FCH         LINE#         177
  C:0919H         LINE#         181
  C:091DH         LINE#         182
  C:091FH         LINE#         183
  C:0929H         LINE#         184
  C:092CH         LINE#         185
  C:092CH         LINE#         187
  C:0952H         LINE#         188
  C:0952H         LINE#         189
  C:0954H         LINE#         190
  -------         ENDPROC       EXTI1
  -------         ENDMOD        MENU

  -------         MODULE        ?C?COPY
  C:044BH         PUBLIC        ?C?COPY
  -------         ENDMOD        ?C?COPY

  -------         MODULE        ?C?CLDPTR
  C:0471H         PUBLIC        ?C?CLDPTR
  -------         ENDMOD        ?C?CLDPTR

  -------         MODULE        ?C?SIDIV
  C:048AH         PUBLIC        ?C?SIDIV
  -------         ENDMOD        ?C?SIDIV

  -------         MODULE        ?C?IILDX
  C:04C0H         PUBLIC        ?C?IILDX
  -------         ENDMOD        ?C?IILDX

  -------         MODULE        ?C?ILDPTR
  C:04D6H         PUBLIC        ?C?ILDPTR
  -------         ENDMOD        ?C?ILDPTR

  -------         MODULE        ?C?ISTPTR
  C:0501H         PUBLIC        ?C?ISTPTR
  -------         ENDMOD        ?C?ISTPTR

  -------         MODULE        ?C?ULCMP
  C:0520H         PUBLIC        ?C?ULCMP
  -------         ENDMOD        ?C?ULCMP

  -------         MODULE        ?C?LSTXDATA
  C:0531H         PUBLIC        ?C?LSTXDATA
  -------         ENDMOD        ?C?LSTXDATA

  -------         MODULE        PRINTF
  X:001FH         PUBLIC        ?_PRINTF517?BYTE
  X:001FH         PUBLIC        ?_PRINTF?BYTE
  X:001FH         PUBLIC        ?_SPRINTF517?BYTE
  X:001FH         PUBLIC        ?_SPRINTF?BYTE
  C:0081H         PUBLIC        _PRINTF
  C:0081H         PUBLIC        _PRINTF517
  C:007BH         PUBLIC        _SPRINTF
  C:007BH         PUBLIC        _SPRINTF517
BL51 BANKED LINKER/LOCATER V6.22                                                      10/30/2024  09:34:07  PAGE 14


  -------         ENDMOD        PRINTF

  -------         MODULE        ?C?CLDOPTR
  C:053DH         PUBLIC        ?C?CLDOPTR
  -------         ENDMOD        ?C?CLDOPTR

  -------         MODULE        ?C?CSTPTR
  C:056AH         PUBLIC        ?C?CSTPTR
  -------         ENDMOD        ?C?CSTPTR

  -------         MODULE        ?C?UIDIV
  C:057CH         PUBLIC        ?C?UIDIV
  -------         ENDMOD        ?C?UIDIV

  -------         MODULE        ?C?PLDIXDATA
  C:05D1H         PUBLIC        ?C?PLDIXDATA
  -------         ENDMOD        ?C?PLDIXDATA

  -------         MODULE        ?C?PSTXDATA
  C:05E8H         PUBLIC        ?C?PSTXDATA
  -------         ENDMOD        ?C?PSTXDATA

  -------         MODULE        ?C?CCASE
  C:05F1H         PUBLIC        ?C?CCASE
  -------         ENDMOD        ?C?CCASE

  -------         MODULE        PUTCHAR
  C:0E52H         PUBLIC        _PUTCHAR
  -------         ENDMOD        PUTCHAR

Program Size: data=15.1 xdata=102 code=3850
LINK/LOCATE RUN COMPLETE.  0 WARNING(S),  0 ERROR(S)
