C51 COMPILER V9.01   MAIN                                                                  10/14/2022 16:18:11 PAGE 1   


C51 COMPILER V9.01, COMPILATION OF MODULE MAIN
OBJECT MODULE PLACED IN main.OBJ
COMPILER INVOKED BY: D:\software\study\keil\C51\BIN\C51.EXE main.c BROWSE DEBUG OBJECTEXTEND

line level    source

   1          #include<reg52.h>
   2          #include"head.h"
   3          void PwmInit(){
   4   1               TMOD|=0X01;
   5   1               TH0=h_num[1];
   6   1               TL0=l_num[1];
   7   1               ET0=1;
   8   1               EA=1;
   9   1               TR0=1;
  10   1      }
  11          void main ()
  12          {       int duty_num;
  13   1              //print some words
  14   1              print_words(print_set);
  15   1              //get the real password
  16   1              symbol=1; 
  17   1              get_the_word_loop(duty);
*** WARNING C182 IN LINE 17 OF MAIN.C: pointer to different objects
  18   1              duty_num=duty[1]+10*duty[0];
  19   1              prog=103;               //固有时间（us）（等价占空比为除9）
  20   1              h_num[1]=(65535-461*duty_num/100-461*duty_num/100+prog)/256;
  21   1              l_num[1]=(65535-461*duty_num/100-461*duty_num/100+prog)%256;
  22   1              h_num[0]=(64613+461*duty_num/100+461*duty_num/100+prog)/256;
  23   1              l_num[0]=(64613+461*duty_num/100+461*duty_num/100+prog)%256;
  24   1      
  25   1              PwmInit();
  26   1              print_num[6]=30+duty[0];
  27   1              print_num[7]=30+duty[1];
  28   1              print_words(print_num);
  29   1      
  30   1      }
  31          void Pwm()interrupt 1
  32          {        
  33   1              PWM=~PWM;
  34   1              TH0=h_num[PWM];
  35   1              TL0=l_num[PWM];
  36   1      }


MODULE INFORMATION:   STATIC OVERLAYABLE
   CODE SIZE        =   1287    ----
   CONSTANT SIZE    =   ----    ----
   XDATA SIZE       =   ----    ----
   PDATA SIZE       =   ----    ----
   DATA SIZE        =    102       8
   IDATA SIZE       =     58    ----
   BIT SIZE         =   ----    ----
END OF MODULE INFORMATION.


C51 COMPILATION COMPLETE.  1 WARNING(S),  0 ERROR(S)
