C51 COMPILER V9.01   LCD1602                                                               10/29/2024 14:02:35 PAGE 1   


C51 COMPILER V9.01, COMPILATION OF MODULE LCD1602
OBJECT MODULE PLACED IN .\Objects\lcd1602.obj
COMPILER INVOKED BY: D:\software\study\keil\C51\BIN\C51.EXE Hardware\lcd1602.c LARGE BROWSE INCDIR(..\water_level_contro
                    -l;.\Hardware;.\System;.\User) DEBUG OBJECTEXTEND PRINT(.\Objects\lcd1602.lst) OBJECT(.\Objects\lcd1602.obj)

line level    source

   1          #include "lcd1602.h"
   2          #include "cs100a.h"
   3          #include "uart.h"
   4          
   5          /*******************************************************************************
   6          * 函 数 名       : lcd1602_write_cmd
   7          * 函数功能               : LCD1602写命令
   8          * 输    入       : cmd：指令
   9          * 输    出       : 无
  10          *******************************************************************************/
  11          #if (LCD1602_4OR8_DATA_INTERFACE==0)//8位LCD
  12          void lcd1602_write_cmd(u8 cmd)
  13          {
  14   1              LCD1602_RS=0;//选择命令
  15   1              LCD1602_RW=0;//选择写
  16   1              LCD1602_E=0;
  17   1              LCD1602_DATAPORT=cmd;//准备命令
  18   1              delay_ms(1);
  19   1              LCD1602_E=1;//使能脚E先上升沿写入
  20   1              delay_ms(1);
  21   1              LCD1602_E=0;//使能脚E后负跳变完成写入   
  22   1      }
  23          #else   //4位LCD
              void lcd1602_write_cmd(u8 cmd)
              {
                      LCD1602_RS=0;//选择命令
                      LCD1602_RW=0;//选择写
                      LCD1602_E=0;
                      LCD1602_DATAPORT=cmd;//准备命令
                      delay_ms(1);
                      LCD1602_E=1;//使能脚E先上升沿写入
                      delay_ms(1);
                      LCD1602_E=0;//使能脚E后负跳变完成写入
                      
                      LCD1602_DATAPORT=cmd<<4;//准备命令
                      delay_ms(1);
                      LCD1602_E=1;//使能脚E先上升沿写入
                      delay_ms(1);
                      LCD1602_E=0;//使能脚E后负跳变完成写入   
              }
              #endif
  42          
  43          /*******************************************************************************
  44          * 函 数 名       : lcd1602_write_data
  45          * 函数功能               : LCD1602写数据
  46          * 输    入       : dat：数据
  47          * 输    出       : 无
  48          *******************************************************************************/
  49          #if (LCD1602_4OR8_DATA_INTERFACE==0)//8位LCD
  50          void lcd1602_write_data(u8 dat) 
  51          {
  52   1              LCD1602_RS=1;//选择数据
  53   1              LCD1602_RW=0;//选择写
  54   1              LCD1602_E=0;
C51 COMPILER V9.01   LCD1602                                                               10/29/2024 14:02:35 PAGE 2   

  55   1              LCD1602_DATAPORT=dat;//准备数据
  56   1              delay_ms(1);
  57   1              LCD1602_E=1;//使能脚E先上升沿写入
  58   1              delay_ms(1);
  59   1              LCD1602_E=0;//使能脚E后负跳变完成写入           
  60   1      }
  61          #else
              void lcd1602_write_data(u8 dat) 
              {
                      LCD1602_RS=1;//选择数据
                      LCD1602_RW=0;//选择写
                      LCD1602_E=0;
                      LCD1602_DATAPORT=dat;//准备数据
                      delay_ms(1);
                      LCD1602_E=1;//使能脚E先上升沿写入
                      delay_ms(1);
                      LCD1602_E=0;//使能脚E后负跳变完成写入
                      
                      LCD1602_DATAPORT=dat<<4;//准备数据
                      delay_ms(1);
                      LCD1602_E=1;//使能脚E先上升沿写入
                      delay_ms(1);
                      LCD1602_E=0;//使能脚E后负跳变完成写入           
              }
              #endif
  80          
  81          /*******************************************************************************
  82          * 函 数 名       : lcd1602_init
  83          * 函数功能               : LCD1602初始化
  84          * 输    入       : 无
  85          * 输    出       : 无
  86          *******************************************************************************/
  87          #if (LCD1602_4OR8_DATA_INTERFACE==0)//8位LCD
  88          void lcd1602_init(void)
  89          {
  90   1              lcd1602_write_cmd(0x38);//数据总线8位，显示2行，5*7点阵/字符
  91   1              lcd1602_write_cmd(0x0c);//显示功能开，无光标，光标闪烁
  92   1              lcd1602_write_cmd(0x06);//写入新数据后光标右移，显示屏不移动
  93   1              lcd1602_write_cmd(0x01);//清屏  
  94   1      }
  95          #else
              void lcd1602_init(void)
              {
                      lcd1602_write_cmd(0x28);//数据总线4位，显示2行，5*7点阵/字符
                      lcd1602_write_cmd(0x0c);//显示功能开，无光标，光标闪烁
                      lcd1602_write_cmd(0x06);//写入新数据后光标右移，显示屏不移动
                      lcd1602_write_cmd(0x01);//清屏  
              }
              #endif
 104          
 105          /*******************************************************************************
 106          * 函 数 名       : lcd1602_clear
 107          * 函数功能               : LCD1602清屏
 108          * 输    入       : 无
 109          * 输    出       : 无
 110          *******************************************************************************/
 111          void lcd1602_clear(void)
 112          {
 113   1              lcd1602_write_cmd(0x01);        
 114   1      }
 115          
 116          /*******************************************************************************
C51 COMPILER V9.01   LCD1602                                                               10/29/2024 14:02:35 PAGE 3   

 117          * 函 数 名       : lcd1602_show_string
 118          * 函数功能               : LCD1602显示字符
 119          * 输    入       : x,y：显示坐标，x=0~15，y=0~1;
 120                                             str：显示字符串
 121          * 输    出       : 无
 122          *******************************************************************************/
 123          void lcd1602_show_string(u8 x,u8 y,u8 *str)
 124          {
 125   1              u8 i=0;
 126   1      
 127   1              if(y>1||x>15)return;//行列参数不对则强制退出
 128   1      
 129   1              if(y<1) //第1行显示
 130   1              {       
 131   2                      while(*str!='\0')//字符串是以'\0'结尾，只要前面有内容就显示
 132   2                      {
 133   3                              if(i<16-x)//如果字符长度超过第一行显示范围，则在第二行继续显示
 134   3                              {
 135   4                                      lcd1602_write_cmd(0x80+i+x);//第一行显示地址设置        
 136   4                              }
 137   3                              else
 138   3                              {
 139   4                                      lcd1602_write_cmd(0x40+0x80+i+x-16);//第二行显示地址设置        
 140   4                              }
 141   3                              lcd1602_write_data(*str);//显示内容
 142   3                              str++;//指针递增
 143   3                              i++;    
 144   3                      }       
 145   2              }
 146   1              else    //第2行显示
 147   1              {
 148   2                      while(*str!='\0')
 149   2                      {
 150   3                              if(i<16-x) //如果字符长度超过第二行显示范围，则在第一行继续显示
 151   3                              {
 152   4                                      lcd1602_write_cmd(0x80+0x40+i+x);       
 153   4                              }
 154   3                              else
 155   3                              {
 156   4                                      lcd1602_write_cmd(0x80+i+x-16); 
 157   4                              }
 158   3                              lcd1602_write_data(*str);
 159   3                              str++;
 160   3                              i++;    
 161   3                      }       
 162   2              }                               
 163   1      }
 164          
 165          
 166          extern float distance;
 167          //水位高度字符串
 168          u8 distance_buf[6];
 169          void Show_Distance(void)
 170          {
 171   1              int i,j;
 172   1              u8 temp_buf[6];
 173   1              u16 temp_value=distance*10;
 174   1              temp_buf[0]=temp_value/1000+0x30;
 175   1              temp_buf[1]=temp_value%1000/100+0x30;
 176   1              temp_buf[2]=temp_value%100/10+0x30;
 177   1              temp_buf[3]='.';
 178   1              temp_buf[4]=temp_value%10+0x30;
C51 COMPILER V9.01   LCD1602                                                               10/29/2024 14:02:35 PAGE 4   

 179   1              temp_buf[5]='\0';
 180   1              for(i=0;temp_buf[i]<'0'||temp_buf[i]>'9';i++);
 181   1              for(j=0;i<6;i++,j++)distance_buf[j]=temp_buf[i];
 182   1              lcd1602_show_string(8,0,distance_buf);
 183   1      }


MODULE INFORMATION:   STATIC OVERLAYABLE
   CODE SIZE        =    522    ----
   CONSTANT SIZE    =   ----    ----
   XDATA SIZE       =      6      11
   PDATA SIZE       =   ----    ----
   DATA SIZE        =   ----    ----
   IDATA SIZE       =   ----    ----
   BIT SIZE         =   ----    ----
END OF MODULE INFORMATION.


C51 COMPILATION COMPLETE.  0 WARNING(S),  0 ERROR(S)
