C51 COMPILER V9.01   MAIN                                                                  10/29/2024 14:02:36 PAGE 1   


C51 COMPILER V9.01, COMPILATION OF MODULE MAIN
OBJECT MODULE PLACED IN .\Objects\main.obj
COMPILER INVOKED BY: D:\software\study\keil\C51\BIN\C51.EXE User\main.c LARGE BROWSE INCDIR(..\water_level_control;.\Har
                    -dware;.\System;.\User) DEBUG OBJECTEXTEND PRINT(.\Objects\main.lst) OBJECT(.\Objects\main.obj)

line level    source

   1          #include "water_level_control.h"        //按键设定水位，水位控制
   2          #include "timer.h"              //定时器
   3          #include "cs100a.h"             //超声波测距
   4          #include "lcd1602.h"    //lcd屏显示
   5          #include "uart.h"               //uart通信
   6          #include "motor.h"              //水阀开关控制
   7          //资源使用说明
   8          /*
   9          timer.h         定时器0                         
  10          cs100a.h        P2^0--TRIG,P2^1--ECHO
  11          motor.h         P1^0,P1^1               
  12          lcd1602.h       P0--DATA,P2^5--RW,P2^6--RS,P2^7--EN
  13          uart.h          定时器1,P3^0--TXD,P3^1--RXD
  14          */
  15          void System_Init(){
  16   1              char str1[]="current:";
  17   1              char str2[]="setting:";
  18   1              Timer_Init();                   //系统滴答定时器初始化
  19   1              Exti_Init();
  20   1              Cs100a_Init();                  //超声波模块初始化
  21   1              wifi_control_init();    //esp8266初始化
  22   1              printf("WELLCOME!\n\r");
  23   1              lcd1602_init();                 //lcd屏初始化
  24   1              lcd1602_show_string(0,0,str1);
  25   1              lcd1602_show_string(0,1,str2);
  26   1      }
  27          int main(){
  28   1              System_Init();
  29   1              //测距+显示
  30   1              while(1)
  31   1              {
  32   2                      Cs100a_Start();                                                                         //测距
  33   2                      Show_Distance();                                                                        //显示当前水位
  34   2                      Show_Setting_Water_Level();                                                     //显示当前设定水位      
  35   2                      printf("D:%d|",WATER_LEVEL_INT((int)distance));
  36   2                      printf("L:%d|",WATER_LEVEL_PERCENT((int)distance));     
  37   2                      Water_Level_Control();                                                          //控制水位
  38   2                      delay_ms(100);
  39   2              }
  40   1              return 0;               
  41   1      }


MODULE INFORMATION:   STATIC OVERLAYABLE
   CODE SIZE        =    308    ----
   CONSTANT SIZE    =     42    ----
   XDATA SIZE       =   ----      18
   PDATA SIZE       =   ----    ----
   DATA SIZE        =   ----    ----
   IDATA SIZE       =   ----    ----
   BIT SIZE         =   ----    ----
END OF MODULE INFORMATION.


C51 COMPILATION COMPLETE.  0 WARNING(S),  0 ERROR(S)
