C51 COMPILER V9.01   MOTOR                                                                 10/29/2024 14:02:36 PAGE 1   


C51 COMPILER V9.01, COMPILATION OF MODULE MOTOR
OBJECT MODULE PLACED IN .\Objects\motor.obj
COMPILER INVOKED BY: D:\software\study\keil\C51\BIN\C51.EXE Hardware\motor.c LARGE BROWSE INCDIR(..\water_level_control;
                    -.\Hardware;.\System;.\User) DEBUG OBJECTEXTEND PRINT(.\Objects\motor.lst) OBJECT(.\Objects\motor.obj)

line level    source

   1          #include "motor.h"
   2          
   3          void Water_In(void)
   4          {
   5   1              in_motor=1;
   6   1              out_motor=0;
   7   1      }
   8          
   9          void Water_Out(void)
  10          {
  11   1              in_motor=0;
  12   1              out_motor=1;
  13   1      }


MODULE INFORMATION:   STATIC OVERLAYABLE
   CODE SIZE        =     10    ----
   CONSTANT SIZE    =   ----    ----
   XDATA SIZE       =   ----    ----
   PDATA SIZE       =   ----    ----
   DATA SIZE        =   ----    ----
   IDATA SIZE       =   ----    ----
   BIT SIZE         =   ----    ----
END OF MODULE INFORMATION.


C51 COMPILATION COMPLETE.  0 WARNING(S),  0 ERROR(S)
