C51 COMPILER V9.01   PID                                                                   10/29/2024 14:02:36 PAGE 1   


C51 COMPILER V9.01, COMPILATION OF MODULE PID
OBJECT MODULE PLACED IN .\Objects\pid.obj
COMPILER INVOKED BY: D:\software\study\keil\C51\BIN\C51.EXE User\pid.c LARGE BROWSE INCDIR(..\water_level_control;.\Hard
                    -ware;.\System;.\User) DEBUG OBJECTEXTEND PRINT(.\Objects\pid.lst) OBJECT(.\Objects\pid.obj)

line level    source

   1          #include "pid.h"
   2          
   3          //速度环控制
   4          int Pid_Control(float kp,float ki,float kd,int Target_Num,int Current_Num,int PID_Mode)
   5          {
   6   1              float Pid_Num=0;                //返回的控制值
   7   1              
   8   1              static float Error_k=0;
   9   1              static float Error_k1=0;
  10   1              static float Error_k2=0;
  11   1              
  12   1              Error_k=Target_Num-Current_Num;
  13   1              Error_k1=Error_k-Error_k1;
  14   1              
  15   1              if(PID_Mode==PID_INCREASE)
  16   1              {
  17   2                      Error_k2=Error_k-2*Error_k1+Error_k2;
  18   2                      Pid_Num=kp*Error_k+ki*Error_k2+kd*Error_k1;
  19   2              }
  20   1              
  21   1              else if(PID_Mode==PID_REALIZE)
  22   1              {
  23   2                      Pid_Num=kp*Error_k+kd*Error_k1;
  24   2              }
  25   1      
  26   1              Error_k2=Error_k1;
  27   1              Error_k1=Error_k;
  28   1      
  29   1              return (int)Pid_Num;
  30   1      }
  31          


MODULE INFORMATION:   STATIC OVERLAYABLE
   CODE SIZE        =    427    ----
   CONSTANT SIZE    =   ----    ----
   XDATA SIZE       =     12      22
   PDATA SIZE       =   ----    ----
   DATA SIZE        =   ----    ----
   IDATA SIZE       =   ----    ----
   BIT SIZE         =   ----    ----
END OF MODULE INFORMATION.


C51 COMPILATION COMPLETE.  0 WARNING(S),  0 ERROR(S)
