C51 COMPILER V9.01   TIMER                                                                 10/29/2024 14:02:36 PAGE 1   


C51 COMPILER V9.01, COMPILATION OF MODULE TIMER
OBJECT MODULE PLACED IN .\Objects\timer.obj
COMPILER INVOKED BY: D:\software\study\keil\C51\BIN\C51.EXE System\timer.c LARGE BROWSE INCDIR(..\water_level_control;.\
                    -Hardware;.\System;.\User) DEBUG OBJECTEXTEND PRINT(.\Objects\timer.lst) OBJECT(.\Objects\timer.obj)

line level    source

   1          #include"timer.h"
   2          void Timer_Init(){
   3   1              TMOD|=0x01;     //timer0工作方式1，16位计数器
   4   1              TH0=0xfc;
   5   1              TL0=0x18;       //计时1us               
   6   1              ET0=1;          //timer0中断开关
   7   1              EA=1;           //全局中断开关
   8   1              TR0=1;          //timer0开始工作(系统节拍定时器)
   9   1      }


MODULE INFORMATION:   STATIC OVERLAYABLE
   CODE SIZE        =     16    ----
   CONSTANT SIZE    =   ----    ----
   XDATA SIZE       =   ----    ----
   PDATA SIZE       =   ----    ----
   DATA SIZE        =   ----    ----
   IDATA SIZE       =   ----    ----
   BIT SIZE         =   ----    ----
END OF MODULE INFORMATION.


C51 COMPILATION COMPLETE.  0 WARNING(S),  0 ERROR(S)
