BL51 BANKED LINKER/LOCATER V6.22                                                        10/29/2024  14:02:36  PAGE 1


BL51 BANKED LINKER/LOCATER V6.22, INVOKED BY:
D:\SOFTWARE\STUDY\KEIL\C51\BIN\BL51.EXE .\Objects\STARTUP.obj, .\Objects\cs100a.obj, .\Objects\lcd1602.obj, .\Objects\mo
>> tor.obj, .\Objects\timer.obj, .\Objects\water_level_control.obj, .\Objects\uart.obj, .\Objects\main.obj, .\Objects\pi
>> d.obj TO .\Objects\water_level_control PRINT (.\Objects\water_level_control.m51) RAMSIZE (256)


MEMORY MODEL: LARGE WITH FLOATING POINT ARITHMETIC


INPUT MODULES INCLUDED:
  .\Objects\STARTUP.obj (?C_STARTUP)
  .\Objects\cs100a.obj (CS100A)
  .\Objects\lcd1602.obj (LCD1602)
  .\Objects\motor.obj (MOTOR)
  .\Objects\timer.obj (TIMER)
  .\Objects\water_level_control.obj (WATER_LEVEL_CONTROL)
  .\Objects\uart.obj (UART)
  .\Objects\main.obj (MAIN)
  .\Objects\pid.obj (PID)
  D:\SOFTWARE\STUDY\KEIL\C51\LIB\C51FPL.LIB (?C?FPADD)
  D:\SOFTWARE\STUDY\KEIL\C51\LIB\C51FPL.LIB (?C?FPMUL)
  D:\SOFTWARE\STUDY\KEIL\C51\LIB\C51FPL.LIB (?C?FPDIV)
  D:\SOFTWARE\STUDY\KEIL\C51\LIB\C51FPL.LIB (?C?FPCMP)
  D:\SOFTWARE\STUDY\KEIL\C51\LIB\C51FPL.LIB (?C?FCAST)
  D:\SOFTWARE\STUDY\KEIL\C51\LIB\C51FPL.LIB (?C?CASTF)
  D:\SOFTWARE\STUDY\KEIL\C51\LIB\C51FPL.LIB (PRINTF)
  D:\SOFTWARE\STUDY\KEIL\C51\LIB\C51FPL.LIB (?C?FPGETOPN)
  D:\SOFTWARE\STUDY\KEIL\C51\LIB\C51FPL.LIB (?C?FPROUND)
  D:\SOFTWARE\STUDY\KEIL\C51\LIB\C51FPL.LIB (?C?FPCONVERT)
  D:\SOFTWARE\STUDY\KEIL\C51\LIB\C51FPL.LIB (?C?FTNPWR)
  D:\SOFTWARE\STUDY\KEIL\C51\LIB\C51L.LIB (?C_INIT)
  D:\SOFTWARE\STUDY\KEIL\C51\LIB\C51L.LIB (?C?COPY)
  D:\SOFTWARE\STUDY\KEIL\C51\LIB\C51L.LIB (?C?CLDPTR)
  D:\SOFTWARE\STUDY\KEIL\C51\LIB\C51L.LIB (?C?CLDOPTR)
  D:\SOFTWARE\STUDY\KEIL\C51\LIB\C51L.LIB (?C?CSTPTR)
  D:\SOFTWARE\STUDY\KEIL\C51\LIB\C51L.LIB (?C?IMUL)
  D:\SOFTWARE\STUDY\KEIL\C51\LIB\C51L.LIB (?C?UIDIV)
  D:\SOFTWARE\STUDY\KEIL\C51\LIB\C51L.LIB (?C?SIDIV)
  D:\SOFTWARE\STUDY\KEIL\C51\LIB\C51L.LIB (?C?IILDX)
  D:\SOFTWARE\STUDY\KEIL\C51\LIB\C51L.LIB (?C?LMUL)
  D:\SOFTWARE\STUDY\KEIL\C51\LIB\C51L.LIB (?C?LNEG)
  D:\SOFTWARE\STUDY\KEIL\C51\LIB\C51L.LIB (?C?SLCMP)
  D:\SOFTWARE\STUDY\KEIL\C51\LIB\C51L.LIB (?C?ULCMP)
  D:\SOFTWARE\STUDY\KEIL\C51\LIB\C51L.LIB (?C?LSTXDATA)
  D:\SOFTWARE\STUDY\KEIL\C51\LIB\C51L.LIB (?C?LSTKXDATA)
  D:\SOFTWARE\STUDY\KEIL\C51\LIB\C51L.LIB (?C?PLDIXDATA)
  D:\SOFTWARE\STUDY\KEIL\C51\LIB\C51L.LIB (?C?PSTXDATA)
  D:\SOFTWARE\STUDY\KEIL\C51\LIB\C51L.LIB (?C?CCASE)


LINK MAP OF MODULE:  .\Objects\water_level_control (?C_STARTUP)


            TYPE    BASE      LENGTH    RELOCATION   SEGMENT NAME
            -----------------------------------------------------

            * * * * * * *   D A T A   M E M O R Y   * * * * * * *
            REG     0000H     0008H     ABSOLUTE     "REG BANK 0"
BL51 BANKED LINKER/LOCATER V6.22                                                      10/29/2024  14:02:36  PAGE 2


            DATA    0008H     0005H     UNIT         _DATA_GROUP_
                    000DH     0013H                  *** GAP ***
            BIT     0020H.0   0001H.1   UNIT         _BIT_GROUP_
                    0021H.1   0000H.7                *** GAP ***
            IDATA   0022H     0001H     UNIT         ?STACK

            * * * * * * *  X D A T A   M E M O R Y  * * * * * * *
            XDATA   0000H     0042H     UNIT         _XDATA_GROUP_
            XDATA   0042H     002CH     UNIT         ?XD?CS100A
            XDATA   006EH     0016H     UNIT         ?XD?_PID_CONTROL?PID
            XDATA   0084H     000DH     UNIT         ?XD?UART
            XDATA   0091H     000CH     UNIT         ?XD?PID
            XDATA   009DH     0008H     UNIT         ?XD?_JUDGE_DISTANCE_CORRECT?CS100A
            XDATA   00A5H     0006H     UNIT         ?XD?LCD1602
            XDATA   00ABH     0006H     UNIT         ?XD?WATER_LEVEL_CONTROL
            XDATA   00B1H     0003H     UNIT         ?XD?_ESP8266_SENDCMD?UART
            XDATA   00B4H     0003H     UNIT         ?XD?_ESP8266_SENDDATA?UART

            * * * * * * *   C O D E   M E M O R Y   * * * * * * *
            CODE    0000H     0003H     ABSOLUTE     
            CODE    0003H     0003H     ABSOLUTE     
            CODE    0006H     0005H     UNIT         ?PR?LCD1602_CLEAR?LCD1602
            CODE    000BH     0003H     ABSOLUTE     
            CODE    000EH     0005H     UNIT         ?PR?WATER_IN?MOTOR
            CODE    0013H     0003H     ABSOLUTE     
            CODE    0016H     000BH     UNIT         ?PR?_DELAY_10US?WATER_LEVEL_CONTROL
                    0021H     0002H                  *** GAP ***
            CODE    0023H     0003H     ABSOLUTE     
            CODE    0026H     0884H     UNIT         ?C?LIB_CODE
            CODE    08AAH     0483H     UNIT         ?PR?PRINTF?PRINTF
            CODE    0D2DH     01ABH     UNIT         ?PR?_PID_CONTROL?PID
            CODE    0ED8H     015FH     UNIT         ?PR?CS100A_START?CS100A
            CODE    1037H     00DDH     UNIT         ?PR?SHOW_DISTANCE?LCD1602
            CODE    1114H     00DDH     UNIT         ?PR?MAIN?MAIN
            CODE    11F1H     00CFH     UNIT         ?PR?_LCD1602_SHOW_STRING?LCD1602
            CODE    12C0H     00BDH     UNIT         ?PR?UART_IRQN?UART
            CODE    137DH     00A3H     UNIT         ?PR?SHOW_SETTING_WATER_LEVEL?WATER_LEVEL_CONTROL
            CODE    1420H     008FH     UNIT         ?PR?_RECORD_DISTANCE?CS100A
            CODE    14AFH     008FH     UNIT         ?PR?AVERAGE_DISTANCE?CS100A
            CODE    153EH     008CH     UNIT         ?C_C51STARTUP
            CODE    15CAH     008AH     UNIT         ?PR?_JUDGE_DISTANCE_CORRECT?CS100A
            CODE    1654H     0077H     UNIT         ?CO?UART
            CODE    16CBH     0060H     UNIT         ?PR?EXTI1?WATER_LEVEL_CONTROL
            CODE    172BH     005FH     UNIT         ?PR?EXTI0?WATER_LEVEL_CONTROL
            CODE    178AH     005EH     UNIT         ?C_INITSEG
            CODE    17E8H     0057H     UNIT         ?PR?SYSTEM_INIT?MAIN
            CODE    183FH     0052H     UNIT         ?PR?_DELAY_MS?WATER_LEVEL_CONTROL
            CODE    1891H     0051H     UNIT         ?PR?TIMER0_INTP?WATER_LEVEL_CONTROL
            CODE    18E2H     0051H     UNIT         ?PR?WATER_LEVEL_CONTROL?WATER_LEVEL_CONTROL
            CODE    1933H     0051H     UNIT         ?PR?_ESP8266_SENDCMD?UART
            CODE    1984H     0040H     UNIT         ?PR?_ESP8266_SENDDATA?UART
            CODE    19C4H     002DH     UNIT         ?PR?ESP8266_MODEINIT?UART
            CODE    19F1H     002AH     UNIT         ?PR?_LCD1602_WRITE_DATA?LCD1602
            CODE    1A1BH     002AH     UNIT         ?CO?MAIN
            CODE    1A45H     001BH     UNIT         ?PR?_LCD1602_WRITE_CMD?LCD1602
            CODE    1A60H     0018H     UNIT         ?PR?UART_INIT?UART
            CODE    1A78H     0014H     UNIT         ?PR?LCD1602_INIT?LCD1602
BL51 BANKED LINKER/LOCATER V6.22                                                      10/29/2024  14:02:36  PAGE 3


            CODE    1A8CH     0010H     UNIT         ?PR?TIMER_INIT?TIMER
            CODE    1A9CH     000EH     UNIT         ?PR?_UART_SENDDATA?UART
            CODE    1AAAH     000BH     UNIT         ?PR?EXTI_INIT?WATER_LEVEL_CONTROL
            CODE    1AB5H     0006H     UNIT         ?PR?WIFI_CONTROL_INIT?UART
            CODE    1ABBH     0006H     UNIT         ?PR?_PUTCHAR?UART
            CODE    1AC1H     0005H     UNIT         ?PR?WATER_OUT?MOTOR
            CODE    1AC6H     0003H     UNIT         ?PR?CS100A_INIT?CS100A



OVERLAY MAP OF MODULE:   .\Objects\water_level_control (?C_STARTUP)


SEGMENT                                             BIT_GROUP          DATA_GROUP          XDATA_GROUP
  +--> CALLED SEGMENT                            START    LENGTH     START    LENGTH     START    LENGTH
--------------------------------------------------------------------------------------------------------
?C_C51STARTUP                                    -----    -----      -----    -----      -----    -----
  +--> ?PR?MAIN?MAIN
  +--> ?C_INITSEG

?PR?MAIN?MAIN                                    -----    -----      -----    -----      -----    -----
  +--> ?PR?SYSTEM_INIT?MAIN
  +--> ?PR?CS100A_START?CS100A
  +--> ?PR?SHOW_DISTANCE?LCD1602
  +--> ?PR?SHOW_SETTING_WATER_LEVEL?WATER_LE...
  +--> ?CO?MAIN
  +--> ?PR?PRINTF?PRINTF
  +--> ?PR?WATER_LEVEL_CONTROL?WATER_LEVEL_C...
  +--> ?PR?_DELAY_MS?WATER_LEVEL_CONTROL

?PR?SYSTEM_INIT?MAIN                             -----    -----      -----    -----      0000H    0012H
  +--> ?CO?MAIN
  +--> ?PR?TIMER_INIT?TIMER
  +--> ?PR?EXTI_INIT?WATER_LEVEL_CONTROL
  +--> ?PR?CS100A_INIT?CS100A
  +--> ?PR?WIFI_CONTROL_INIT?UART
  +--> ?PR?PRINTF?PRINTF
  +--> ?PR?LCD1602_INIT?LCD1602
  +--> ?PR?_LCD1602_SHOW_STRING?LCD1602

?PR?WIFI_CONTROL_INIT?UART                       -----    -----      -----    -----      -----    -----
  +--> ?PR?UART_INIT?UART

?PR?PRINTF?PRINTF                                0020H.0  0001H.1    0008H    0005H      0012H    0030H
  +--> ?PR?_PUTCHAR?UART

?PR?_PUTCHAR?UART                                -----    -----      -----    -----      -----    -----
  +--> ?PR?_UART_SENDDATA?UART

?PR?LCD1602_INIT?LCD1602                         -----    -----      -----    -----      -----    -----
  +--> ?PR?_LCD1602_WRITE_CMD?LCD1602

?PR?_LCD1602_WRITE_CMD?LCD1602                   -----    -----      -----    -----      -----    -----
  +--> ?PR?_DELAY_MS?WATER_LEVEL_CONTROL

?PR?_DELAY_MS?WATER_LEVEL_CONTROL                -----    -----      -----    -----      0017H    0006H

BL51 BANKED LINKER/LOCATER V6.22                                                      10/29/2024  14:02:36  PAGE 4


?PR?_LCD1602_SHOW_STRING?LCD1602                 -----    -----      -----    -----      0012H    0005H
  +--> ?PR?_LCD1602_WRITE_CMD?LCD1602
  +--> ?PR?_LCD1602_WRITE_DATA?LCD1602

?PR?_LCD1602_WRITE_DATA?LCD1602                  -----    -----      -----    -----      -----    -----
  +--> ?PR?_DELAY_MS?WATER_LEVEL_CONTROL

?PR?CS100A_START?CS100A                          -----    -----      -----    -----      0000H    000EH
  +--> ?PR?_RECORD_DISTANCE?CS100A
  +--> ?PR?AVERAGE_DISTANCE?CS100A

?PR?_RECORD_DISTANCE?CS100A                      -----    -----      -----    -----      000EH    0006H

?PR?AVERAGE_DISTANCE?CS100A                      -----    -----      -----    -----      000EH    0006H

?PR?SHOW_DISTANCE?LCD1602                        -----    -----      -----    -----      0000H    0006H
  +--> ?PR?_LCD1602_SHOW_STRING?LCD1602

?PR?SHOW_SETTING_WATER_LEVEL?WATER_LE...         -----    -----      -----    -----      0000H    0006H
  +--> ?PR?_LCD1602_SHOW_STRING?LCD1602

?PR?WATER_LEVEL_CONTROL?WATER_LEVEL_C...         -----    -----      -----    -----      -----    -----
  +--> ?PR?WATER_OUT?MOTOR
  +--> ?PR?WATER_IN?MOTOR



SYMBOL TABLE OF MODULE:  .\Objects\water_level_control (?C_STARTUP)

  VALUE           TYPE          NAME
  ----------------------------------

  -------         MODULE        ?C_STARTUP
  C:153EH         SEGMENT       ?C_C51STARTUP
  I:0022H         SEGMENT       ?STACK
  C:0000H         PUBLIC        ?C_STARTUP
  D:00E0H         SYMBOL        ACC
  D:00F0H         SYMBOL        B
  D:0083H         SYMBOL        DPH
  D:0082H         SYMBOL        DPL
  N:0000H         SYMBOL        IBPSTACK
  N:0100H         SYMBOL        IBPSTACKTOP
  N:0080H         SYMBOL        IDATALEN
  C:1541H         SYMBOL        IDATALOOP
  N:0000H         SYMBOL        PBPSTACK
  N:0100H         SYMBOL        PBPSTACKTOP
  N:0000H         SYMBOL        PDATALEN
  N:0000H         SYMBOL        PDATASTART
  N:0000H         SYMBOL        PPAGE
  N:0000H         SYMBOL        PPAGEENABLE
  D:00A0H         SYMBOL        PPAGE_SFR
  D:0081H         SYMBOL        SP
  C:153EH         SYMBOL        STARTUP1
  N:0000H         SYMBOL        XBPSTACK
  N:0000H         SYMBOL        XBPSTACKTOP
  N:0000H         SYMBOL        XDATALEN
  N:0000H         SYMBOL        XDATASTART
BL51 BANKED LINKER/LOCATER V6.22                                                      10/29/2024  14:02:36  PAGE 5


  C:0000H         LINE#         126
  C:153EH         LINE#         133
  C:1540H         LINE#         134
  C:1541H         LINE#         135
  C:1542H         LINE#         136
  C:1544H         LINE#         185
  C:1547H         LINE#         196
  -------         ENDMOD        ?C_STARTUP

  -------         MODULE        CS100A
  C:0000H         SYMBOL        _ICE_DUMMY_
  D:0090H         PUBLIC        P1
  D:00A0H         PUBLIC        P2
  D:00B0H         PUBLIC        P3
  D:00A8H         PUBLIC        IE
  C:14AFH         PUBLIC        average_distance
  D:00B8H         PUBLIC        IP
  C:15CAH         PUBLIC        _judge_distance_correct
  C:0ED8H         PUBLIC        Cs100a_Start
  C:1AC6H         PUBLIC        Cs100a_Init
  C:1420H         PUBLIC        _record_distance
  X:0042H         PUBLIC        distance_record
  D:0098H         PUBLIC        SCON
  D:0088H         PUBLIC        TCON
  B:00A0H.1       PUBLIC        cs100a_echo
  D:008CH         PUBLIC        TH0
  X:006AH         PUBLIC        distance
  D:008AH         PUBLIC        TL0
  B:00A0H.0       PUBLIC        cs100a_trig
  D:00C8H         PUBLIC        T2CON
  D:00D0H         PUBLIC        PSW
  -------         PROC          CS100A_INIT
  C:1AC6H         LINE#         7
  C:1AC6H         LINE#         8
  C:1AC6H         LINE#         9
  C:1AC8H         LINE#         10
  -------         ENDPROC       CS100A_INIT
  -------         PROC          _RECORD_DISTANCE
  X:000EH         SYMBOL        distance
  -------         DO            
  X:0012H         SYMBOL        i
  -------         ENDDO         
  C:1420H         LINE#         12
  C:1426H         LINE#         13
  C:1426H         LINE#         15
  C:1441H         LINE#         16
  C:1441H         LINE#         17
  C:148BH         LINE#         18
  C:149BH         LINE#         19
  -------         ENDPROC       _RECORD_DISTANCE
  -------         PROC          AVERAGE_DISTANCE
  -------         DO            
  X:000EH         SYMBOL        i
  D:0004H         SYMBOL        average_distance
  X:0010H         SYMBOL        sum_distance
  -------         ENDDO         
  C:14AFH         LINE#         22
BL51 BANKED LINKER/LOCATER V6.22                                                      10/29/2024  14:02:36  PAGE 6


  C:14AFH         LINE#         23
  C:14AFH         LINE#         26
  C:1525H         LINE#         27
  C:153DH         LINE#         28
  C:153DH         LINE#         29
  -------         ENDPROC       AVERAGE_DISTANCE
  -------         PROC          _JUDGE_DISTANCE_CORRECT
  X:009DH         SYMBOL        distance
  -------         DO            
  X:00A1H         SYMBOL        average
  -------         ENDDO         
  C:15CAH         LINE#         31
  C:15D0H         LINE#         32
  C:15D0H         LINE#         34
  C:15D9H         LINE#         35
  C:1650H         LINE#         36
  C:1653H         LINE#         37
  -------         ENDPROC       _JUDGE_DISTANCE_CORRECT
  -------         PROC          CS100A_START
  -------         DO            
  D:0006H         SYMBOL        i
  X:0000H         SYMBOL        temp_count
  X:0002H         SYMBOL        count
  X:0004H         SYMBOL        time
  X:0006H         SYMBOL        temp_tick
  X:000AH         SYMBOL        tick
  D:0004H         SYMBOL        distance_temp
  -------         ENDDO         
  C:0ED8H         LINE#         39
  C:0ED8H         LINE#         40
  C:0ED8H         LINE#         44
  C:0EDAH         LINE#         45
  C:0EE8H         LINE#         46
  C:0EEAH         LINE#         48
  C:0EEDH         LINE#         49
  C:0F01H         LINE#         50
  C:0F21H         LINE#         51
  C:0F24H         LINE#         52
  C:0F38H         LINE#         53
  C:0F56H         LINE#         55
  C:0F76H         LINE#         56
  C:0F76H         LINE#         57
  C:0FCCH         LINE#         58
  C:0FCEH         LINE#         59
  C:0FEEH         LINE#         60
  C:0FEEH         LINE#         61
  C:1009H         LINE#         62
  C:1009H         LINE#         63
  C:102BH         LINE#         64
  C:102EH         LINE#         66
  -------         ENDPROC       CS100A_START
  -------         ENDMOD        CS100A

  -------         MODULE        LCD1602
  C:0000H         SYMBOL        _ICE_DUMMY_
  D:0080H         PUBLIC        P0
  D:0090H         PUBLIC        P1
BL51 BANKED LINKER/LOCATER V6.22                                                      10/29/2024  14:02:36  PAGE 7


  D:00A0H         PUBLIC        P2
  D:00B0H         PUBLIC        P3
  C:1A00H         PUBLIC        _lcd1602_write_data
  D:00A8H         PUBLIC        IE
  C:1A78H         PUBLIC        lcd1602_init
  D:00B8H         PUBLIC        IP
  C:11F1H         PUBLIC        _lcd1602_show_string
  C:1A45H         PUBLIC        _lcd1602_write_cmd
  B:00A0H.6       PUBLIC        LCD1602_RS
  B:00A0H.5       PUBLIC        LCD1602_RW
  C:1037H         PUBLIC        Show_Distance
  D:0098H         PUBLIC        SCON
  D:0088H         PUBLIC        TCON
  B:00A0H.7       PUBLIC        LCD1602_E
  D:00C8H         PUBLIC        T2CON
  C:0006H         PUBLIC        lcd1602_clear
  X:00A5H         PUBLIC        distance_buf
  D:00D0H         PUBLIC        PSW
  -------         PROC          _LCD1602_WRITE_CMD
  D:0007H         SYMBOL        cmd
  C:1A45H         LINE#         12
  C:1A45H         LINE#         13
  C:1A45H         LINE#         14
  C:1A47H         LINE#         15
  C:1A49H         LINE#         16
  C:1A4BH         LINE#         17
  C:1A4DH         LINE#         18
  C:1A54H         LINE#         19
  C:1A56H         LINE#         20
  C:1A5DH         LINE#         21
  C:1A5FH         LINE#         22
  -------         ENDPROC       _LCD1602_WRITE_CMD
  -------         PROC          L?0031
  -------         ENDPROC       L?0031
  -------         PROC          _LCD1602_WRITE_DATA
  D:0007H         SYMBOL        dat
  C:1A00H         LINE#         50
  C:1A00H         LINE#         51
  C:1A00H         LINE#         52
  C:1A02H         LINE#         53
  C:1A04H         LINE#         54
  C:1A06H         LINE#         55
  C:1A08H         LINE#         56
  C:1A0FH         LINE#         57
  C:1A11H         LINE#         58
  C:1A18H         LINE#         59
  C:1A1AH         LINE#         60
  -------         ENDPROC       _LCD1602_WRITE_DATA
  -------         PROC          LCD1602_INIT
  C:1A78H         LINE#         88
  C:1A78H         LINE#         89
  C:1A78H         LINE#         90
  C:1A7DH         LINE#         91
  C:1A82H         LINE#         92
  C:1A87H         LINE#         93
  -------         ENDPROC       LCD1602_INIT
  -------         PROC          LCD1602_CLEAR
BL51 BANKED LINKER/LOCATER V6.22                                                      10/29/2024  14:02:36  PAGE 8


  C:0006H         LINE#         111
  C:0006H         LINE#         112
  C:0006H         LINE#         113
  -------         ENDPROC       LCD1602_CLEAR
  -------         PROC          _LCD1602_SHOW_STRING
  X:0012H         SYMBOL        x
  D:0005H         SYMBOL        y
  X:0013H         SYMBOL        str
  -------         DO            
  X:0016H         SYMBOL        i
  -------         ENDDO         
  C:11F1H         LINE#         123
  C:11FFH         LINE#         124
  C:11FFH         LINE#         125
  C:1202H         LINE#         127
  C:1216H         LINE#         129
  C:121CH         LINE#         130
  C:121CH         LINE#         131
  C:122FH         LINE#         132
  C:122FH         LINE#         133
  C:1242H         LINE#         134
  C:1242H         LINE#         135
  C:1248H         LINE#         136
  C:124AH         LINE#         138
  C:124AH         LINE#         139
  C:125AH         LINE#         140
  C:125AH         LINE#         141
  C:125DH         LINE#         142
  C:1267H         LINE#         143
  C:126DH         LINE#         144
  C:126FH         LINE#         145
  C:126FH         LINE#         147
  C:126FH         LINE#         148
  C:127FH         LINE#         149
  C:127FH         LINE#         150
  C:1292H         LINE#         151
  C:1292H         LINE#         152
  C:1298H         LINE#         153
  C:129AH         LINE#         155
  C:129AH         LINE#         156
  C:12AAH         LINE#         157
  C:12AAH         LINE#         158
  C:12ADH         LINE#         159
  C:12B7H         LINE#         160
  C:12BDH         LINE#         161
  C:12BFH         LINE#         162
  C:12BFH         LINE#         163
  -------         ENDPROC       _LCD1602_SHOW_STRING
  -------         PROC          SHOW_DISTANCE
  -------         DO            
  D:0006H         SYMBOL        i
  D:0004H         SYMBOL        j
  X:0000H         SYMBOL        temp_buf
  D:0002H         SYMBOL        temp_value
  -------         ENDDO         
  C:1037H         LINE#         169
  C:1037H         LINE#         170
BL51 BANKED LINKER/LOCATER V6.22                                                      10/29/2024  14:02:36  PAGE 9


  C:1037H         LINE#         173
  C:1056H         LINE#         174
  C:1064H         LINE#         175
  C:1081H         LINE#         176
  C:109EH         LINE#         177
  C:10A2H         LINE#         178
  C:10B2H         LINE#         179
  C:10B5H         LINE#         180
  C:10D5H         LINE#         181
  C:1107H         LINE#         182
  -------         ENDPROC       SHOW_DISTANCE
  -------         ENDMOD        LCD1602

  -------         MODULE        MOTOR
  C:0000H         SYMBOL        _ICE_DUMMY_
  D:0090H         PUBLIC        P1
  D:00B0H         PUBLIC        P3
  D:00A8H         PUBLIC        IE
  D:00B8H         PUBLIC        IP
  C:000EH         PUBLIC        Water_In
  C:1AC1H         PUBLIC        Water_Out
  D:0098H         PUBLIC        SCON
  D:0088H         PUBLIC        TCON
  D:00C8H         PUBLIC        T2CON
  B:0090H.0       PUBLIC        in_motor
  B:0090H.1       PUBLIC        out_motor
  D:00D0H         PUBLIC        PSW
  -------         PROC          WATER_IN
  C:000EH         LINE#         3
  C:000EH         LINE#         4
  C:000EH         LINE#         5
  C:0010H         LINE#         6
  C:0012H         LINE#         7
  -------         ENDPROC       WATER_IN
  -------         PROC          WATER_OUT
  C:1AC1H         LINE#         9
  C:1AC1H         LINE#         10
  C:1AC1H         LINE#         11
  C:1AC3H         LINE#         12
  C:1AC5H         LINE#         13
  -------         ENDPROC       WATER_OUT
  -------         ENDMOD        MOTOR

  -------         MODULE        TIMER
  C:0000H         SYMBOL        _ICE_DUMMY_
  D:0090H         PUBLIC        P1
  D:00B0H         PUBLIC        P3
  B:00A8H.7       PUBLIC        EA
  D:00A8H         PUBLIC        IE
  D:00B8H         PUBLIC        IP
  D:0098H         PUBLIC        SCON
  D:0089H         PUBLIC        TMOD
  D:0088H         PUBLIC        TCON
  B:00A8H.1       PUBLIC        ET0
  D:008CH         PUBLIC        TH0
  D:008AH         PUBLIC        TL0
  B:0088H.4       PUBLIC        TR0
BL51 BANKED LINKER/LOCATER V6.22                                                      10/29/2024  14:02:36  PAGE 10


  D:00C8H         PUBLIC        T2CON
  C:1A8CH         PUBLIC        Timer_Init
  D:00D0H         PUBLIC        PSW
  -------         PROC          TIMER_INIT
  C:1A8CH         LINE#         2
  C:1A8CH         LINE#         3
  C:1A8FH         LINE#         4
  C:1A92H         LINE#         5
  C:1A95H         LINE#         6
  C:1A97H         LINE#         7
  C:1A99H         LINE#         8
  C:1A9BH         LINE#         9
  -------         ENDPROC       TIMER_INIT
  -------         ENDMOD        TIMER

  -------         MODULE        WATER_LEVEL_CONTROL
  C:0000H         SYMBOL        _ICE_DUMMY_
  X:00ABH         PUBLIC        setting_level
  D:0090H         PUBLIC        P1
  D:00A0H         PUBLIC        P2
  D:00B0H         PUBLIC        P3
  B:00A8H.7       PUBLIC        EA
  D:00A8H         PUBLIC        IE
  C:1AAAH         PUBLIC        Exti_Init
  D:00B8H         PUBLIC        IP
  C:18E2H         PUBLIC        Water_Level_Control
  C:137DH         PUBLIC        Show_Setting_Water_Level
  D:0098H         PUBLIC        SCON
  D:0088H         PUBLIC        TCON
  X:00ADH         PUBLIC        system_tick
  C:0016H         PUBLIC        _delay_10us
  D:008CH         PUBLIC        TH0
  B:00A8H.0       PUBLIC        EX0
  B:0088H.0       PUBLIC        IT0
  B:00A8H.2       PUBLIC        EX1
  B:0088H.2       PUBLIC        IT1
  D:008AH         PUBLIC        TL0
  C:183FH         PUBLIC        _delay_ms
  D:00C8H         PUBLIC        T2CON
  C:172BH         PUBLIC        exti0
  C:16CBH         PUBLIC        exti1
  C:1891H         PUBLIC        timer0_intp
  D:00D0H         PUBLIC        PSW
  B:00B0H.2       PUBLIC        key1
  B:00B0H.3       PUBLIC        key2
  -------         PROC          _DELAY_10US
  D:0006H         SYMBOL        ten_us
  C:0016H         LINE#         10
  C:0016H         LINE#         11
  C:0016H         LINE#         12
  C:0020H         LINE#         13
  -------         ENDPROC       _DELAY_10US
  -------         PROC          _DELAY_MS
  X:0017H         SYMBOL        ms
  -------         DO            
  X:0019H         SYMBOL        temp
  -------         ENDDO         
BL51 BANKED LINKER/LOCATER V6.22                                                      10/29/2024  14:02:36  PAGE 11


  C:183FH         LINE#         16
  C:1847H         LINE#         17
  C:1847H         LINE#         18
  C:185BH         LINE#         19
  C:1890H         LINE#         20
  -------         ENDPROC       _DELAY_MS
  -------         PROC          TIMER0_INTP
  C:1891H         LINE#         23
  C:18A8H         LINE#         25
  C:18ABH         LINE#         26
  C:18AEH         LINE#         27
  C:18CDH         LINE#         28
  -------         ENDPROC       TIMER0_INTP
  -------         PROC          EXTI_INIT
  C:1AAAH         LINE#         31
  C:1AAAH         LINE#         32
  C:1AAAH         LINE#         33
  C:1AACH         LINE#         34
  C:1AAEH         LINE#         35
  C:1AB0H         LINE#         36
  C:1AB2H         LINE#         37
  C:1AB4H         LINE#         38
  -------         ENDPROC       EXTI_INIT
  -------         PROC          SHOW_SETTING_WATER_LEVEL
  -------         DO            
  D:0006H         SYMBOL        i
  X:0000H         SYMBOL        temp_buf
  D:0002H         SYMBOL        temp_value
  -------         ENDDO         
  C:137DH         LINE#         41
  C:137DH         LINE#         42
  C:137DH         LINE#         46
  C:1390H         LINE#         47
  C:139EH         LINE#         48
  C:13BBH         LINE#         49
  C:13D8H         LINE#         50
  C:13DCH         LINE#         51
  C:13ECH         LINE#         52
  C:13EFH         LINE#         53
  C:140FH         LINE#         54
  -------         ENDPROC       SHOW_SETTING_WATER_LEVEL
  -------         PROC          EXTI0
  -------         DO            
  D:0006H         SYMBOL        ten_us
  -------         ENDDO         
  C:172BH         LINE#         58
  C:173EH         LINE#         60
  C:1742H         LINE#         61
  C:1744H         LINE#         62
  C:174EH         LINE#         63
  C:1777H         LINE#         64
  C:1779H         LINE#         65
  -------         ENDPROC       EXTI0
  -------         PROC          EXTI1
  -------         DO            
  D:0006H         SYMBOL        ten_us
  -------         ENDDO         
BL51 BANKED LINKER/LOCATER V6.22                                                      10/29/2024  14:02:36  PAGE 12


  C:16CBH         LINE#         67
  C:16DEH         LINE#         69
  C:16E2H         LINE#         70
  C:16E4H         LINE#         71
  C:16EEH         LINE#         72
  C:1718H         LINE#         73
  C:171AH         LINE#         74
  -------         ENDPROC       EXTI1
  -------         PROC          WATER_LEVEL_CONTROL
  C:18E2H         LINE#         77
  C:18E2H         LINE#         78
  C:18E2H         LINE#         79
  C:1909H         LINE#         80
  C:1932H         LINE#         81
  -------         ENDPROC       WATER_LEVEL_CONTROL
  -------         ENDMOD        WATER_LEVEL_CONTROL

  -------         MODULE        UART
  C:0000H         SYMBOL        _ICE_DUMMY_
  D:0090H         PUBLIC        P1
  D:00B0H         PUBLIC        P3
  B:00A8H.7       PUBLIC        EA
  X:0085H         PUBLIC        UART_RX_BUF
  D:00A8H         PUBLIC        IE
  X:008FH         PUBLIC        UART_RX_STA
  B:00A8H.4       PUBLIC        ES
  D:00B8H         PUBLIC        IP
  B:0098H.0       PUBLIC        RI
  B:0098H.1       PUBLIC        TI
  C:1A9CH         PUBLIC        _UART_SendData
  C:1984H         PUBLIC        _ESP8266_SendData
  C:1AB5H         PUBLIC        wifi_control_init
  D:0099H         PUBLIC        SBUF
  D:0087H         PUBLIC        PCON
  C:1A60H         PUBLIC        UART_Init
  D:0098H         PUBLIC        SCON
  D:0089H         PUBLIC        TMOD
  D:0088H         PUBLIC        TCON
  C:19C4H         PUBLIC        ESP8266_ModeInit
  C:1933H         PUBLIC        _ESP8266_SendCmd
  D:008DH         PUBLIC        TH1
  D:008BH         PUBLIC        TL1
  B:0088H.6       PUBLIC        TR1
  D:00C8H         PUBLIC        T2CON
  C:12C0H         PUBLIC        UART_IRQn
  D:00D0H         PUBLIC        PSW
  C:1ABBH         PUBLIC        _putchar
  -------         PROC          UART_INIT
  C:1A60H         LINE#         9
  C:1A60H         LINE#         10
  C:1A60H         LINE#         11
  C:1A63H         LINE#         12
  C:1A66H         LINE#         13
  C:1A69H         LINE#         14
  C:1A6CH         LINE#         15
  C:1A6FH         LINE#         16
  C:1A71H         LINE#         17
BL51 BANKED LINKER/LOCATER V6.22                                                      10/29/2024  14:02:36  PAGE 13


  C:1A73H         LINE#         18
  C:1A75H         LINE#         19
  C:1A77H         LINE#         20
  -------         ENDPROC       UART_INIT
  -------         PROC          _UART_SENDDATA
  D:0007H         SYMBOL        dat
  C:1A9CH         LINE#         22
  C:1A9CH         LINE#         23
  C:1A9CH         LINE#         24
  C:1A9EH         LINE#         25
  C:1AA0H         LINE#         26
  C:1AA2H         LINE#         27
  C:1AA5H         LINE#         28
  C:1AA7H         LINE#         29
  C:1AA9H         LINE#         30
  -------         ENDPROC       _UART_SENDDATA
  -------         PROC          _ESP8266_SENDCMD
  X:00B1H         SYMBOL        pbuf
  C:1933H         LINE#         34
  C:193EH         LINE#         35
  C:193EH         LINE#         36
  C:194FH         LINE#         37
  C:194FH         LINE#         38
  C:1952H         LINE#         39
  C:1959H         LINE#         40
  C:1963H         LINE#         41
  C:1965H         LINE#         42
  C:196CH         LINE#         43
  C:1971H         LINE#         44
  C:1978H         LINE#         45
  C:197DH         LINE#         46
  -------         ENDPROC       _ESP8266_SENDCMD
  -------         PROC          _ESP8266_SENDDATA
  X:00B4H         SYMBOL        pbuf
  C:1984H         LINE#         51
  C:198FH         LINE#         52
  C:198FH         LINE#         53
  C:1998H         LINE#         54
  C:19A9H         LINE#         55
  C:19A9H         LINE#         56
  C:19ACH         LINE#         57
  C:19B3H         LINE#         58
  C:19BDH         LINE#         59
  C:19BFH         LINE#         60
  -------         ENDPROC       _ESP8266_SENDDATA
  -------         PROC          ESP8266_MODEINIT
  C:19C4H         LINE#         65
  C:19C4H         LINE#         66
  C:19C4H         LINE#         67
  C:19CDH         LINE#         68
  C:19D6H         LINE#         69
  C:19DFH         LINE#         72
  C:19E8H         LINE#         73
  -------         ENDPROC       ESP8266_MODEINIT
  -------         PROC          WIFI_CONTROL_INIT
  C:1AB5H         LINE#         77
  C:1AB5H         LINE#         78
BL51 BANKED LINKER/LOCATER V6.22                                                      10/29/2024  14:02:36  PAGE 14


  C:1AB5H         LINE#         79
  C:1AB8H         LINE#         81
  C:1ABAH         LINE#         82
  -------         ENDPROC       WIFI_CONTROL_INIT
  -------         PROC          UART_IRQN
  -------         DO            
  X:0084H         SYMBOL        i
  -------         ENDDO         
  C:12C0H         LINE#         88
  C:12D7H         LINE#         92
  C:12DDH         LINE#         93
  C:12DDH         LINE#         94
  C:12DFH         LINE#         95
  C:12F0H         LINE#         96
  C:12F5H         LINE#         97
  C:12F5H         LINE#         98
  C:12F9H         LINE#         100
  C:1301H         LINE#         101
  C:132AH         LINE#         102
  C:132FH         LINE#         103
  C:1355H         LINE#         104
  C:1357H         LINE#         105
  C:1366H         LINE#         106
  C:1368H         LINE#         107
  C:1368H         LINE#         108
  -------         ENDPROC       UART_IRQN
  -------         PROC          _PUTCHAR
  D:0006H         SYMBOL        ch
  C:1ABBH         LINE#         111
  C:1ABDH         LINE#         112
  C:1ABDH         LINE#         113
  C:1AC0H         LINE#         114
  C:1AC0H         LINE#         115
  -------         ENDPROC       _PUTCHAR
  -------         ENDMOD        UART

  -------         MODULE        MAIN
  C:0000H         SYMBOL        _ICE_DUMMY_
  C:17E8H         PUBLIC        System_Init
  D:0090H         PUBLIC        P1
  D:00A0H         PUBLIC        P2
  D:00B0H         PUBLIC        P3
  D:00A8H         PUBLIC        IE
  D:00B8H         PUBLIC        IP
  C:1114H         PUBLIC        main
  D:0098H         PUBLIC        SCON
  D:0088H         PUBLIC        TCON
  C:1A33H         SYMBOL        _?ix1000
  C:1A3CH         SYMBOL        _?ix1001
  D:00C8H         PUBLIC        T2CON
  D:00D0H         PUBLIC        PSW
  -------         PROC          SYSTEM_INIT
  -------         DO            
  X:0000H         SYMBOL        str1
  X:0009H         SYMBOL        str2
  -------         ENDDO         
  C:17E8H         LINE#         15
BL51 BANKED LINKER/LOCATER V6.22                                                      10/29/2024  14:02:36  PAGE 15


  C:17E8H         LINE#         16
  C:17FBH         LINE#         17
  C:180EH         LINE#         18
  C:1811H         LINE#         19
  C:1814H         LINE#         20
  C:1817H         LINE#         21
  C:181AH         LINE#         22
  C:1823H         LINE#         23
  C:1826H         LINE#         24
  C:1832H         LINE#         25
  -------         ENDPROC       SYSTEM_INIT
  -------         PROC          MAIN
  C:1114H         LINE#         27
  C:1114H         LINE#         28
  C:1117H         LINE#         30
  C:1117H         LINE#         31
  C:1117H         LINE#         32
  C:111AH         LINE#         33
  C:111DH         LINE#         34
  C:1120H         LINE#         35
  C:1178H         LINE#         36
  C:11E4H         LINE#         37
  C:11E7H         LINE#         38
  C:11EEH         LINE#         39
  -------         ENDPROC       MAIN
  -------         ENDMOD        MAIN

  -------         MODULE        PID
  C:0000H         SYMBOL        _ICE_DUMMY_
  D:0090H         PUBLIC        P1
  D:00B0H         PUBLIC        P3
  D:00A8H         PUBLIC        IE
  D:00B8H         PUBLIC        IP
  D:0098H         PUBLIC        SCON
  D:0088H         PUBLIC        TCON
  C:0D2DH         PUBLIC        _Pid_Control
  D:00C8H         PUBLIC        T2CON
  D:00D0H         PUBLIC        PSW
  -------         PROC          _PID_CONTROL
  X:006EH         SYMBOL        kp
  X:0072H         SYMBOL        ki
  X:0076H         SYMBOL        kd
  X:007AH         SYMBOL        Target_Num
  X:007CH         SYMBOL        Current_Num
  X:007EH         SYMBOL        PID_Mode
  -------         DO            
  X:0080H         SYMBOL        Pid_Num
  X:0091H         SYMBOL        Error_k
  X:0095H         SYMBOL        Error_k1
  X:0099H         SYMBOL        Error_k2
  -------         ENDDO         
  C:0D2DH         LINE#         4
  C:0D33H         LINE#         5
  C:0D33H         LINE#         6
  C:0D3DH         LINE#         12
  C:0D5BH         LINE#         13
  C:0D80H         LINE#         15
BL51 BANKED LINKER/LOCATER V6.22                                                      10/29/2024  14:02:36  PAGE 16


  C:0D8FH         LINE#         16
  C:0D8FH         LINE#         17
  C:0DD5H         LINE#         18
  C:0E3FH         LINE#         19
  C:0E41H         LINE#         21
  C:0E4BH         LINE#         22
  C:0E4BH         LINE#         23
  C:0EA2H         LINE#         24
  C:0EA2H         LINE#         26
  C:0EB4H         LINE#         27
  C:0EC6H         LINE#         29
  C:0ED7H         LINE#         30
  -------         ENDPROC       _PID_CONTROL
  -------         ENDMOD        PID

  -------         MODULE        ?C?FPADD
  C:002DH         PUBLIC        ?C?FPADD
  C:0029H         PUBLIC        ?C?FPSUB
  -------         ENDMOD        ?C?FPADD

  -------         MODULE        ?C?FPMUL
  C:011EH         PUBLIC        ?C?FPMUL
  -------         ENDMOD        ?C?FPMUL

  -------         MODULE        ?C?FPDIV
  C:0227H         PUBLIC        ?C?FPDIV
  -------         ENDMOD        ?C?FPDIV

  -------         MODULE        ?C?FPCMP
  C:02C6H         PUBLIC        ?C?FPCMP
  C:02C4H         PUBLIC        ?C?FPCMP3
  -------         ENDMOD        ?C?FPCMP

  -------         MODULE        ?C?FCAST
  C:033BH         PUBLIC        ?C?FCASTC
  C:0336H         PUBLIC        ?C?FCASTI
  C:0331H         PUBLIC        ?C?FCASTL
  -------         ENDMOD        ?C?FCAST

  -------         MODULE        ?C?CASTF
  C:036FH         PUBLIC        ?C?CASTF
  -------         ENDMOD        ?C?CASTF

  -------         MODULE        PRINTF
  X:0012H         PUBLIC        ?_PRINTF?BYTE
  X:0012H         PUBLIC        ?_SPRINTF?BYTE
  C:0915H         PUBLIC        _PRINTF
  C:090FH         PUBLIC        _SPRINTF
  -------         ENDMOD        PRINTF

  -------         MODULE        ?C?FPROUND
  C:03F0H         PUBLIC        ?C?FPROUND
  -------         ENDMOD        ?C?FPROUND

  -------         MODULE        ?C?FPCONVERT
  C:042DH         PUBLIC        ?C?FPCONVERT
  -------         ENDMOD        ?C?FPCONVERT
BL51 BANKED LINKER/LOCATER V6.22                                                      10/29/2024  14:02:36  PAGE 17



  -------         MODULE        ?C?FTNPWR
  C:0562H         PUBLIC        ?C?FTNPWR
  -------         ENDMOD        ?C?FTNPWR

  -------         MODULE        ?C?COPY
  C:0672H         PUBLIC        ?C?COPY
  -------         ENDMOD        ?C?COPY

  -------         MODULE        ?C?CLDPTR
  C:0698H         PUBLIC        ?C?CLDPTR
  -------         ENDMOD        ?C?CLDPTR

  -------         MODULE        ?C?CLDOPTR
  C:06B1H         PUBLIC        ?C?CLDOPTR
  -------         ENDMOD        ?C?CLDOPTR

  -------         MODULE        ?C?CSTPTR
  C:06DEH         PUBLIC        ?C?CSTPTR
  -------         ENDMOD        ?C?CSTPTR

  -------         MODULE        ?C?IMUL
  C:06F0H         PUBLIC        ?C?IMUL
  -------         ENDMOD        ?C?IMUL

  -------         MODULE        ?C?UIDIV
  C:0702H         PUBLIC        ?C?UIDIV
  -------         ENDMOD        ?C?UIDIV

  -------         MODULE        ?C?SIDIV
  C:0757H         PUBLIC        ?C?SIDIV
  -------         ENDMOD        ?C?SIDIV

  -------         MODULE        ?C?IILDX
  C:078DH         PUBLIC        ?C?IILDX
  -------         ENDMOD        ?C?IILDX

  -------         MODULE        ?C?LMUL
  C:07A3H         PUBLIC        ?C?LMUL
  -------         ENDMOD        ?C?LMUL

  -------         MODULE        ?C?LNEG
  C:07F2H         PUBLIC        ?C?LNEG
  -------         ENDMOD        ?C?LNEG

  -------         MODULE        ?C?SLCMP
  C:0800H         PUBLIC        ?C?SLCMP
  -------         ENDMOD        ?C?SLCMP

  -------         MODULE        ?C?ULCMP
  C:0816H         PUBLIC        ?C?ULCMP
  -------         ENDMOD        ?C?ULCMP

  -------         MODULE        ?C?LSTXDATA
  C:0827H         PUBLIC        ?C?LSTXDATA
  -------         ENDMOD        ?C?LSTXDATA

BL51 BANKED LINKER/LOCATER V6.22                                                      10/29/2024  14:02:36  PAGE 18


  -------         MODULE        ?C?LSTKXDATA
  C:0833H         PUBLIC        ?C?LSTKXDATA
  -------         ENDMOD        ?C?LSTKXDATA

  -------         MODULE        ?C?PLDIXDATA
  C:0864H         PUBLIC        ?C?PLDIXDATA
  -------         ENDMOD        ?C?PLDIXDATA

  -------         MODULE        ?C?PSTXDATA
  C:087BH         PUBLIC        ?C?PSTXDATA
  -------         ENDMOD        ?C?PSTXDATA

  -------         MODULE        ?C?CCASE
  C:0884H         PUBLIC        ?C?CCASE
  -------         ENDMOD        ?C?CCASE

*** WARNING L16: UNCALLED SEGMENT, IGNORED FOR OVERLAY PROCESS
    SEGMENT: ?PR?_JUDGE_DISTANCE_CORRECT?CS100A

*** WARNING L16: UNCALLED SEGMENT, IGNORED FOR OVERLAY PROCESS
    SEGMENT: ?PR?LCD1602_CLEAR?LCD1602

*** WARNING L16: UNCALLED SEGMENT, IGNORED FOR OVERLAY PROCESS
    SEGMENT: ?PR?_ESP8266_SENDDATA?UART

*** WARNING L16: UNCALLED SEGMENT, IGNORED FOR OVERLAY PROCESS
    SEGMENT: ?PR?ESP8266_MODEINIT?UART

*** WARNING L16: UNCALLED SEGMENT, IGNORED FOR OVERLAY PROCESS
    SEGMENT: ?PR?_PID_CONTROL?PID

Program Size: data=15.1 xdata=183 code=6855
LINK/LOCATE RUN COMPLETE.  5 WARNING(S),  0 ERROR(S)
