C51 COMPILER V9.01   WATER_LEVEL_CONTROL                                                   10/29/2024 14:02:36 PAGE 1   


C51 COMPILER V9.01, COMPILATION OF MODULE WATER_LEVEL_CONTROL
OBJECT MODULE PLACED IN .\Objects\water_level_control.obj
COMPILER INVOKED BY: D:\software\study\keil\C51\BIN\C51.EXE System\water_level_control.c LARGE BROWSE INCDIR(..\water_le
                    -vel_control;.\Hardware;.\System;.\User) DEBUG OBJECTEXTEND PRINT(.\Objects\water_level_control.lst) OBJECT(.\Objects\wat
                    -er_level_control.obj)

line level    source

   1          #include "water_level_control.h"
   2          #include "lcd1602.h"
   3          #include "motor.h"
   4          #include "cs100a.h"
   5          
   6          unsigned long int system_tick=0;
   7          
   8          int setting_level=(WATER_DISTANCE_MAX+WATER_DISTANCE_MIN)/2;
   9          
  10          void delay_10us(u16 ten_us)
  11          {
  12   1              while(ten_us--);        
  13   1      }
  14          
  15          //精确延时ms
  16          void delay_ms(u16 ms)
  17          {
  18   1              unsigned long int temp=system_tick;
  19   1              while(temp+ms>=system_tick);    
  20   1      }
  21          
  22          //定时器中断，系统节拍
  23          void timer0_intp()interrupt 1 
  24          {
  25   1              TH0=0xfc;
  26   1              TL0=0x18;       //计时1ms
  27   1              system_tick++;
  28   1      }
  29          
  30          //开启外部中断（按键）
  31          void Exti_Init(void)
  32          {
  33   1              IT0=1;//跳变沿触发方式（下降沿）
  34   1              EX0=1;//打开INT1的中断允许
  35   1              IT1=1;//跳变沿触发方式（下降沿）
  36   1              EX1=1;//打开INT1的中断允许
  37   1              EA=1;//打开总中断
  38   1      }
  39          
  40          //水位显示函数
  41          void Show_Setting_Water_Level(void)
  42          {
  43   1              //显示
  44   1              int i;
  45   1              u8 temp_buf[6];
  46   1              u16 temp_value=setting_level*10;
  47   1              temp_buf[0]=temp_value/1000+0x30;
  48   1              temp_buf[1]=temp_value%1000/100+0x30;
  49   1              temp_buf[2]=temp_value%100/10+0x30;
  50   1              temp_buf[3]='.';
  51   1              temp_buf[4]=temp_value%10+0x30;
  52   1              temp_buf[5]='\0';
  53   1              for(i=0;temp_buf[i]<'0'||temp_buf[i]>'9';i++);
C51 COMPILER V9.01   WATER_LEVEL_CONTROL                                                   10/29/2024 14:02:36 PAGE 2   

  54   1              lcd1602_show_string(8,1,&temp_buf[i]);
  55   1      }
  56          
  57          //设定水位函数（外部中断0,1）
  58          void exti0() interrupt 0 //外部中断0中断函数
  59          {
  60   1              int ten_us=1000;
  61   1              EX0=0;
  62   1              while(ten_us--);//消抖
  63   1              if(key1==0)setting_level=setting_level<WATER_DISTANCE_MAX?WATER_DISTANCE_MAX:setting_level-1;//设定水位减
             -1
  64   1              EX0=1;                                  
  65   1      }
  66          
  67          void exti1() interrupt 2 //外部中断1中断函数
  68          {
  69   1              int ten_us=1000;
  70   1              EX1=0;
  71   1              while(ten_us--);//消抖
  72   1              if(key2==0)setting_level=setting_level>WATER_DISTANCE_MIN?WATER_DISTANCE_MIN:setting_level+1;//设定水位加
             -1
  73   1              EX1=1;                                  
  74   1      }
  75          
  76          //水位控制函数
  77          void Water_Level_Control()
  78          {
  79   1              if(distance<setting_level+LEVEL_WAVE)Water_Out();
  80   1              else if(distance>setting_level-LEVEL_WAVE)Water_In();
  81   1      }


MODULE INFORMATION:   STATIC OVERLAYABLE
   CODE SIZE        =    620    ----
   CONSTANT SIZE    =   ----    ----
   XDATA SIZE       =      6      12
   PDATA SIZE       =   ----    ----
   DATA SIZE        =   ----    ----
   IDATA SIZE       =   ----    ----
   BIT SIZE         =   ----    ----
END OF MODULE INFORMATION.


C51 COMPILATION COMPLETE.  0 WARNING(S),  0 ERROR(S)
